Archive member included because of file (symbol)

C:/Program Files (x86)/Rowley Associates Limited/CrossWorks for ARM 3.5/lib/libm_v7m_t_le_eabi.a(libm_asm.o)
                              C:/Program Files (x86)/Rowley Associates Limited/CrossWorks for ARM 3.5/lib/libvfscanf_v7m_t_le_eabi.o (__aeabi_i2d)
C:/Program Files (x86)/Rowley Associates Limited/CrossWorks for ARM 3.5/lib/libm_v7m_t_le_eabi.a(libm2.o)
                              C:/Program Files (x86)/Rowley Associates Limited/CrossWorks for ARM 3.5/lib/libvfprintf_v7m_t_le_eabi.o (frexp)
C:/Program Files (x86)/Rowley Associates Limited/CrossWorks for ARM 3.5/lib/libm_v7m_t_le_eabi.a(libm2_asm.o)
                              C:/Program Files (x86)/Rowley Associates Limited/CrossWorks for ARM 3.5/lib/libm_v7m_t_le_eabi.a(libm2.o) (fabs)
C:/Program Files (x86)/Rowley Associates Limited/CrossWorks for ARM 3.5/lib/libc_v7m_t_le_eabi.a(libc_asm.o)
                              C:/Program Files (x86)/Rowley Associates Limited/CrossWorks for ARM 3.5/lib/libvfprintf_v7m_t_le_eabi.o (__aeabi_uldivmod)
C:/Program Files (x86)/Rowley Associates Limited/CrossWorks for ARM 3.5/lib/libc_v7m_t_le_eabi.a(libc2.o)
                              C:/Program Files (x86)/Rowley Associates Limited/CrossWorks for ARM 3.5/lib/libvfscanf_v7m_t_le_eabi.o (__getc)
C:/Program Files (x86)/Rowley Associates Limited/CrossWorks for ARM 3.5/lib/libc_v7m_t_le_eabi.a(libc2_asm.o)
                              C:/Program Files (x86)/Rowley Associates Limited/CrossWorks for ARM 3.5/lib/libc_v7m_t_le_eabi.a(libc2.o) (memcpy)

Discarded input sections

 .group         0x00000000        0x8 Timer Configuration THUMB Debug/main.o
 .group         0x00000000        0x8 Timer Configuration THUMB Debug/main.o
 .group         0x00000000        0x8 Timer Configuration THUMB Debug/main.o
 .group         0x00000000        0x8 Timer Configuration THUMB Debug/main.o
 .group         0x00000000        0x8 Timer Configuration THUMB Debug/main.o
 .group         0x00000000        0x8 Timer Configuration THUMB Debug/main.o
 .group         0x00000000        0x8 Timer Configuration THUMB Debug/main.o
 .group         0x00000000        0x8 Timer Configuration THUMB Debug/main.o
 .group         0x00000000        0x8 Timer Configuration THUMB Debug/main.o
 .group         0x00000000        0x8 Timer Configuration THUMB Debug/main.o
 .group         0x00000000        0x8 Timer Configuration THUMB Debug/main.o
 .group         0x00000000        0x8 Timer Configuration THUMB Debug/main.o
 .group         0x00000000        0x8 Timer Configuration THUMB Debug/main.o
 .group         0x00000000        0x8 Timer Configuration THUMB Debug/main.o
 .group         0x00000000        0x8 Timer Configuration THUMB Debug/main.o
 .group         0x00000000        0x8 Timer Configuration THUMB Debug/main.o
 .group         0x00000000        0x8 Timer Configuration THUMB Debug/main.o
 .group         0x00000000        0x8 Timer Configuration THUMB Debug/main.o
 .group         0x00000000        0x8 Timer Configuration THUMB Debug/main.o
 .group         0x00000000        0x8 Timer Configuration THUMB Debug/main.o
 .group         0x00000000        0x8 Timer Configuration THUMB Debug/main.o
 .group         0x00000000        0x8 Timer Configuration THUMB Debug/main.o
 .group         0x00000000        0x8 Timer Configuration THUMB Debug/main.o
 .group         0x00000000        0x8 Timer Configuration THUMB Debug/main.o
 .group         0x00000000        0x8 Timer Configuration THUMB Debug/main.o
 .group         0x00000000        0x8 Timer Configuration THUMB Debug/main.o
 .group         0x00000000        0x8 Timer Configuration THUMB Debug/main.o
 .group         0x00000000        0x8 Timer Configuration THUMB Debug/main.o
 .group         0x00000000        0x8 Timer Configuration THUMB Debug/main.o
 .group         0x00000000        0x8 Timer Configuration THUMB Debug/main.o
 .group         0x00000000        0x8 Timer Configuration THUMB Debug/main.o
 .group         0x00000000        0x8 Timer Configuration THUMB Debug/main.o
 .group         0x00000000        0x8 Timer Configuration THUMB Debug/main.o
 .text          0x00000000        0x0 Timer Configuration THUMB Debug/main.o
 .data          0x00000000        0x0 Timer Configuration THUMB Debug/main.o
 .bss           0x00000000        0x0 Timer Configuration THUMB Debug/main.o
 .group         0x00000000        0x8 Timer Configuration THUMB Debug/stm32f2xx_it.o
 .group         0x00000000        0x8 Timer Configuration THUMB Debug/stm32f2xx_it.o
 .group         0x00000000        0x8 Timer Configuration THUMB Debug/stm32f2xx_it.o
 .group         0x00000000        0x8 Timer Configuration THUMB Debug/stm32f2xx_it.o
 .group         0x00000000        0x8 Timer Configuration THUMB Debug/stm32f2xx_it.o
 .group         0x00000000        0x8 Timer Configuration THUMB Debug/stm32f2xx_it.o
 .group         0x00000000        0x8 Timer Configuration THUMB Debug/stm32f2xx_it.o
[...]
Memory Configuration

Name             Origin             Length             Attributes
UNPLACED_SECTIONS 0xffffffff         0x00000000         xw
FLASH            0x08000000         0x00040000         xr
SYSTEM           0x1fff0000         0x00007a10         xw
OPTION           0x1fffc000         0x00000008         xw
RAM              0x20000000         0x00020000         xw
SRAM1            0x20000000         0x0001c000         xw
SRAM2            0x2001c000         0x00004000         xw
APB1             0x40000000         0x00007800         xw
APB2             0x40010000         0x00004c00         xw
AHB1             0x40020000         0x00080000         xw
AHB2             0x50000000         0x00060c00         xw
FSMC             0xa0000000         0x00001000         xw
PCCARD           0x90000000         0x00000000         xw
NAND2            0x80000000         0x00000000         xw
NAND1            0x70000000         0x00000000         xw
NOR_PSRAM4       0x6c000000         0x00000000         xw
NOR_PSRAM3       0x68000000         0x00000000         xw
NOR_PSRAM2       0x64000000         0x00000000         xw
NOR_PSRAM1       0x60000000         0x00000000         xw
PPB              0xe0000000         0x00100000         xw
DBG              0xe0042000         0x00000010         xw
*default*        0x00000000         0xffffffff

Linker script and memory map

                0x00000000                __vfprintf = __vfprintf_float_long_long
                0x00000000                __vfscanf = __vfscanf_float_long_long_cc
                0x08000000                __FLASH_segment_start__ = 0x8000000
                0x08040000                __FLASH_segment_end__ = 0x8040000
                0x00040000                __FLASH_segment_size__ = 0x40000
                0x1fff0000                __SYSTEM_segment_start__ = 0x1fff0000
                0x1fff7a10                __SYSTEM_segment_end__ = 0x1fff7a10
                0x00007a10                __SYSTEM_segment_size__ = 0x7a10
                0x1fffc000                __OPTION_segment_start__ = 0x1fffc000
                0x1fffc008                __OPTION_segment_end__ = 0x1fffc008
                0x00000008                __OPTION_segment_size__ = 0x8
                0x20000000                __RAM_segment_start__ = 0x20000000
                0x20020000                __RAM_segment_end__ = 0x20020000
                0x00020000                __RAM_segment_size__ = 0x20000
                0x20000000                __SRAM1_segment_start__ = 0x20000000
                0x2001c000                __SRAM1_segment_end__ = 0x2001c000
                0x0001c000                __SRAM1_segment_size__ = 0x1c000
                0x2001c000                __SRAM2_segment_start__ = 0x2001c000
                0x20020000                __SRAM2_segment_end__ = 0x20020000
                0x00004000                __SRAM2_segment_size__ = 0x4000
                0x40000000                __APB1_segment_start__ = 0x40000000
                0x40007800                __APB1_segment_end__ = 0x40007800
                0x00007800                __APB1_segment_size__ = 0x7800
                0x40010000                __APB2_segment_start__ = 0x40010000
                0x40014c00                __APB2_segment_end__ = 0x40014c00
                0x00004c00                __APB2_segment_size__ = 0x4c00
                0x40020000                __AHB1_segment_start__ = 0x40020000
                0x400a0000                __AHB1_segment_end__ = 0x400a0000
                0x00080000                __AHB1_segment_size__ = 0x80000
                0x50000000                __AHB2_segment_start__ = 0x50000000
                0x50060c00                __AHB2_segment_end__ = 0x50060c00
                0x00060c00                __AHB2_segment_size__ = 0x60c00
                0xa0000000                __FSMC_segment_start__ = 0xa0000000
                0xa0001000                __FSMC_segment_end__ = 0xa0001000
                0x00001000                __FSMC_segment_size__ = 0x1000
                0x90000000                __PCCARD_segment_start__ = 0x90000000
                0x90000000                __PCCARD_segment_end__ = 0x90000000
                0x00000000                __PCCARD_segment_size__ = 0x0
                0x80000000                __NAND2_segment_start__ = 0x80000000
                0x80000000                __NAND2_segment_end__ = 0x80000000
                0x00000000                __NAND2_segment_size__ = 0x0
                0x70000000                __NAND1_segment_start__ = 0x70000000
                0x70000000                __NAND1_segment_end__ = 0x70000000
                0x00000000                __NAND1_segment_size__ = 0x0
                0x6c000000                __NOR_PSRAM4_segment_start__ = 0x6c000000
                0x6c000000                __NOR_PSRAM4_segment_end__ = 0x6c000000
                0x00000000                __NOR_PSRAM4_segment_size__ = 0x0
                0x68000000                __NOR_PSRAM3_segment_start__ = 0x68000000
                0x68000000                __NOR_PSRAM3_segment_end__ = 0x68000000
                0x00000000                __NOR_PSRAM3_segment_size__ = 0x0
                0x64000000                __NOR_PSRAM2_segment_start__ = 0x64000000
                0x64000000                __NOR_PSRAM2_segment_end__ = 0x64000000
                0x00000000                __NOR_PSRAM2_segment_size__ = 0x0
                0x60000000                __NOR_PSRAM1_segment_start__ = 0x60000000
                0x60000000                __NOR_PSRAM1_segment_end__ = 0x60000000
                0x00000000                __NOR_PSRAM1_segment_size__ = 0x0
                0xe0000000                __PPB_segment_start__ = 0xe0000000
                0xe0100000                __PPB_segment_end__ = 0xe0100000
                0x00100000                __PPB_segment_size__ = 0x100000
                0xe0042000                __DBG_segment_start__ = 0xe0042000
                0xe0042010                __DBG_segment_end__ = 0xe0042010
                0x00000010                __DBG_segment_size__ = 0x10
                0x00000080                __HEAPSIZE__ = 0x80
                0x00000000                __STACKSIZE_ABT__ = 0x0
                0x00000000                __STACKSIZE_FIQ__ = 0x0
                0x00000000                __STACKSIZE_IRQ__ = 0x0
                0x00000000                __STACKSIZE_PROCESS__ = 0x0
                0x00000000                __STACKSIZE_SVC__ = 0x0
                0x00000000                __STACKSIZE_UND__ = 0x0
                0x00000100                __STACKSIZE__ = 0x100
                0x20000000                __vectors_ram_load_start__ = ALIGN (__RAM_segment_start__, 0x100)

.vectors_ram    0x20000000        0x0
                0x20000000                __vectors_ram_start__ = .
 *(.vectors_ram .vectors_ram.*)
                0x20000000                __vectors_ram_end__ = (__vectors_ram_start__ + SIZEOF (.vectors_ram))
                0x00000000                __vectors_ram_size__ = SIZEOF (.vectors_ram)
                0x20000000                __vectors_ram_load_end__ = __vectors_ram_end__
                0x00000001                . = ASSERT (((__vectors_ram_start__ == __vectors_ram_end__) || ((__vectors_ram_end__ >= __RAM_segment_start__) && (__vectors_ram_end__ <= __RAM_segment_end__))), error: .vectors_ram is too large to fit in RAM memory segment)
                0x08000000                __vectors_load_start__ = ALIGN (__FLASH_segment_start__, 0x100)

.vectors        0x08000000      0x184
                0x08000000                __vectors_start__ = .
 *(.vectors .vectors.*)
 .vectors       0x08000000      0x184 Timer Configuration THUMB Debug/STM32_Startup.o
                0x08000000                _vectors
                0x08000184                __vectors_end__ = (__vectors_start__ + SIZEOF (.vectors))
                0x00000184                __vectors_size__ = SIZEOF (.vectors)
                0x08000184                __vectors_load_end__ = __vectors_end__
                0x00000001                . = ASSERT (((__vectors_start__ == __vectors_end__) || ((__vectors_end__ >= __FLASH_segment_start__) && (__vectors_end__ <= __FLASH_segment_end__))), error: .vectors is too large to fit in FLASH memory segment)
                0x08000184                __init_load_start__ = ALIGN (__vectors_end__, 0x4)

.init           0x08000184      0x22c
                0x08000184                __init_start__ = .
 *(.init .init.*)
 .init          0x08000184      0x158 Timer Configuration THUMB Debug/thumb_crt0.o
                0x08000184                _start
                0x08000236                exit
 .init          0x080002dc       0xd4 Timer Configuration THUMB Debug/STM32_Startup.o
                0x080002dc                NMI_Handler
                0x080002de                HardFault_Handler
                0x080002e0                MemManage_Handler
                0x080002e2                BusFault_Handler
                0x080002e4                UsageFault_Handler
                0x080002e6                SVC_Handler
                0x080002e8                DebugMon_Handler
                0x080002ea                PendSV_Handler
                0x080002ee                WWDG_IRQHandler
                0x080002f0                PVD_IRQHandler
                0x080002f2                TAMP_STAMP_IRQHandler
                0x080002f4                RTC_WKUP_IRQHandler
                0x080002f6                FLASH_IRQHandler
                0x080002f8                RCC_IRQHandler
                0x080002fa                EXTI0_IRQHandler
                0x080002fc                EXTI1_IRQHandler
                0x080002fe                EXTI2_IRQHandler
                0x08000300                EXTI3_IRQHandler
                0x08000302                EXTI4_IRQHandler
                0x08000304                DMA1_Stream0_IRQHandler
                0x08000306                DMA1_Stream1_IRQHandler
                0x08000308                DMA1_Stream2_IRQHandler
                0x0800030a                DMA1_Stream3_IRQHandler
                0x0800030c                DMA1_Stream4_IRQHandler
                0x0800030e                DMA1_Stream5_IRQHandler
                0x08000310                DMA1_Stream6_IRQHandler
                0x08000312                ADC_IRQHandler
                0x08000314                CAN1_TX_IRQHandler
                0x08000316                CAN1_RX0_IRQHandler
                0x08000318                CAN1_RX1_IRQHandler
                0x0800031a                CAN1_SCE_IRQHandler
                0x0800031c                EXTI9_5_IRQHandler
                0x0800031e                TIM1_BRK_TIM9_IRQHandler
                0x08000322                TIM1_TRG_COM_TIM11_IRQHandler
                0x08000324                TIM1_CC_IRQHandler
                0x08000326                TIM2_IRQHandler
                0x08000328                TIM3_IRQHandler
                0x0800032a                TIM4_IRQHandler
                0x0800032c                I2C1_EV_IRQHandler
                0x0800032e                I2C1_ER_IRQHandler
                0x08000330                I2C2_EV_IRQHandler
                0x08000332                I2C2_ER_IRQHandler
                0x08000334                SPI1_IRQHandler
                0x08000336                SPI2_IRQHandler
                0x08000338                USART1_IRQHandler
                0x0800033a                USART2_IRQHandler
                0x0800033c                USART3_IRQHandler
                0x0800033e                EXTI15_10_IRQHandler
                0x08000340                RTC_Alarm_IRQHandler
                0x08000342                OTG_FS_WKUP_IRQHandler
                0x08000344                TIM8_BRK_TIM12_IRQHandler
                0x08000346                TIM8_UP_TIM13_IRQHandler
                0x08000348                TIM8_TRG_COM_TIM14_IRQHandler
                0x0800034a                TIM8_CC_IRQHandler
                0x0800034c                DMA1_Stream7_IRQHandler
                0x0800034e                FSMC_IRQHandler
                0x08000350                SDIO_IRQHandler
                0x08000352                TIM5_IRQHandler
                0x08000354                SPI3_IRQHandler
                0x08000356                UART4_IRQHandler
                0x08000358                UART5_IRQHandler
                0x0800035a                TIM6_DAC_IRQHandler
                0x0800035c                TIM7_IRQHandler
                0x0800035e                DMA2_Stream0_IRQHandler
                0x08000360                DMA2_Stream1_IRQHandler
                0x08000362                DMA2_Stream2_IRQHandler
                0x08000364                DMA2_Stream3_IRQHandler
                0x08000366                DMA2_Stream4_IRQHandler
                0x08000368                ETH_IRQHandler
                0x0800036a                ETH_WKUP_IRQHandler
                0x0800036c                CAN2_TX_IRQHandler
                0x0800036e                CAN2_RX0_IRQHandler
                0x08000370                CAN2_RX1_IRQHandler
                0x08000372                CAN2_SCE_IRQHandler
                0x08000374                OTG_FS_IRQHandler
                0x08000376                DMA2_Stream5_IRQHandler
                0x08000378                DMA2_Stream6_IRQHandler
                0x0800037a                DMA2_Stream7_IRQHandler
                0x0800037c                USART6_IRQHandler
                0x0800037e                I2C3_EV_IRQHandler
                0x08000380                I2C3_ER_IRQHandler
                0x08000382                OTG_HS_EP1_OUT_IRQHandler
                0x08000384                OTG_HS_EP1_IN_IRQHandler
                0x08000386                OTG_HS_WKUP_IRQHandler
                0x08000388                OTG_HS_IRQHandler
                0x0800038a                DCMI_IRQHandler
                0x0800038c                HASH_RNG_IRQHandler
                0x0800038e                reset_handler
                0x080003b0                __init_end__ = (__init_start__ + SIZEOF (.init))
                0x0000022c                __init_size__ = SIZEOF (.init)
                0x080003b0                __init_load_end__ = __init_end__
                0x00000001                . = ASSERT (((__init_start__ == __init_end__) || ((__init_end__ >= __FLASH_segment_start__) && (__init_end__ <= __FLASH_segment_end__))), error: .init is too large to fit in FLASH memory segment)
                0x080003b0                __init_rodata_load_start__ = ALIGN (__init_end__, 0x4)

.init_rodata    0x080003b0        0x0
                0x080003b0                __init_rodata_start__ = .
 *(.init_rodata .init_rodata.*)
                0x080003b0                __init_rodata_end__ = (__init_rodata_start__ + SIZEOF (.init_rodata))
                0x00000000                __init_rodata_size__ = SIZEOF (.init_rodata)
                0x080003b0                __init_rodata_load_end__ = __init_rodata_end__
                0x00000001                . = ASSERT (((__init_rodata_start__ == __init_rodata_end__) || ((__init_rodata_end__ >= __FLASH_segment_start__) && (__init_rodata_end__ <= __FLASH_segment_end__))), error: .init_rodata is too large to fit in FLASH memory segment)
                0x080003b0                __text_load_start__ = ALIGN (__init_rodata_end__, 0x4)

.text           0x080003b0     0x1310
                0x080003b0                __text_start__ = .
 *(.text .text.* .glue_7t .glue_7 .gnu.linkonce.t.* .gcc_except_table .ARM.extab* .gnu.linkonce.armextab.*)
 .glue_7        0x00000000        0x0 linker stubs
 .glue_7t       0x00000000        0x0 linker stubs
 .text.HAL_TIM_PeriodElapsedCallback
                0x080003b0       0x20 Timer Configuration THUMB Debug/main.o
                0x080003b0                HAL_TIM_PeriodElapsedCallback
 .text.main     0x080003d0       0x1c Timer Configuration THUMB Debug/main.o
                0x080003d0                main
 .text.SystemClock_Config
                0x080003ec       0x50 Timer Configuration THUMB Debug/main.o
                0x080003ec                SystemClock_Config
 .text.SysTick_Handler
                0x0800043c       0x10 Timer Configuration THUMB Debug/stm32f2xx_it.o
                0x0800043c                SysTick_Handler
 .text.TIM1_UP_TIM10_IRQHandler
                0x0800044c       0x10 Timer Configuration THUMB Debug/stm32f2xx_it.o
                0x0800044c                TIM1_UP_TIM10_IRQHandler
 .text.HAL_MspInit
                0x0800045c       0x18 Timer Configuration THUMB Debug/stm32f2xx_hal_msp.o
                0x0800045c                HAL_MspInit
 .text.MX_TIM1_Init
                0x08000474       0x64 Timer Configuration THUMB Debug/tim.o
                0x08000474                MX_TIM1_Init
 .text.HAL_TIM_Base_MspInit
                0x080004d8       0x48 Timer Configuration THUMB Debug/tim.o
                0x080004d8                HAL_TIM_Base_MspInit
 .text.HAL_TIM_Base_Init
                0x08000520       0x58 Timer Configuration THUMB Debug/stm32f2xx_hal_tim.o
                0x08000520                HAL_TIM_Base_Init
 .text.HAL_TIM_Base_Start_IT
                0x08000578       0x38 Timer Configuration THUMB Debug/stm32f2xx_hal_tim.o
                0x08000578                HAL_TIM_Base_Start_IT
 .text.HAL_TIM_IRQHandler
                0x080005b0      0x210 Timer Configuration THUMB Debug/stm32f2xx_hal_tim.o
                0x080005b0                HAL_TIM_IRQHandler
 .text.HAL_TIM_ConfigClockSource
                0x080007c0      0x1c4 Timer Configuration THUMB Debug/stm32f2xx_hal_tim.o
                0x080007c0                HAL_TIM_ConfigClockSource
 .text.HAL_TIM_OC_DelayElapsedCallback
                0x08000984       0x14 Timer Configuration THUMB Debug/stm32f2xx_hal_tim.o
                0x08000984                HAL_TIM_OC_DelayElapsedCallback
 .text.HAL_TIM_IC_CaptureCallback
                0x08000998       0x14 Timer Configuration THUMB Debug/stm32f2xx_hal_tim.o
                0x08000998                HAL_TIM_IC_CaptureCallback
 .text.HAL_TIM_PWM_PulseFinishedCallback
                0x080009ac       0x14 Timer Configuration THUMB Debug/stm32f2xx_hal_tim.o
                0x080009ac                HAL_TIM_PWM_PulseFinishedCallback
 .text.HAL_TIM_TriggerCallback
                0x080009c0       0x14 Timer Configuration THUMB Debug/stm32f2xx_hal_tim.o
                0x080009c0                HAL_TIM_TriggerCallback
 .text.TIM_Base_SetConfig
                0x080009d4      0x150 Timer Configuration THUMB Debug/stm32f2xx_hal_tim.o
                0x080009d4                TIM_Base_SetConfig
 .text.TIM_TI1_ConfigInputStage
                0x08000b24       0x64 Timer Configuration THUMB Debug/stm32f2xx_hal_tim.o
 .text.TIM_TI2_ConfigInputStage
                0x08000b88       0x68 Timer Configuration THUMB Debug/stm32f2xx_hal_tim.o
 .text.TIM_ITRx_SetConfig
                0x08000bf0       0x40 Timer Configuration THUMB Debug/stm32f2xx_hal_tim.o
 .text.TIM_ETR_SetConfig
                0x08000c30       0x44 Timer Configuration THUMB Debug/stm32f2xx_hal_tim.o
 .text.HAL_TIMEx_MasterConfigSynchronization
                0x08000c74       0x8c Timer Configuration THUMB Debug/stm32f2xx_hal_tim_ex.o
                0x08000c74                HAL_TIMEx_MasterConfigSynchronization
 .text.HAL_TIMEx_CommutationCallback
                0x08000d00       0x14 Timer Configuration THUMB Debug/stm32f2xx_hal_tim_ex.o
                0x08000d00                HAL_TIMEx_CommutationCallback
 .text.HAL_TIMEx_BreakCallback
                0x08000d14       0x14 Timer Configuration THUMB Debug/stm32f2xx_hal_tim_ex.o
                0x08000d14                HAL_TIMEx_BreakCallback
 .text.HAL_RCC_OscConfig
                0x08000d28      0x4b8 Timer Configuration THUMB Debug/stm32f2xx_hal_rcc.o
                0x08000d28                HAL_RCC_OscConfig
 .text.HAL_RCC_GetSysClockFreq
                0x080011e0      0x118 Timer Configuration THUMB Debug/stm32f2xx_hal_rcc.o
                0x080011e0                HAL_RCC_GetSysClockFreq
 .text.HAL_RCC_GetHCLKFreq
                0x080012f8       0x58 Timer Configuration THUMB Debug/stm32f2xx_hal_rcc.o
                0x080012f8                HAL_RCC_GetHCLKFreq
 .text.NVIC_SetPriorityGrouping
                0x08001350       0x48 Timer Configuration THUMB Debug/stm32f2xx_hal_cortex.o
 .text.NVIC_GetPriorityGrouping
                0x08001398       0x1c Timer Configuration THUMB Debug/stm32f2xx_hal_cortex.o
 .text.NVIC_EnableIRQ
                0x080013b4       0x30 Timer Configuration THUMB Debug/stm32f2xx_hal_cortex.o
 .text.NVIC_SetPriority
                0x080013e4       0x54 Timer Configuration THUMB Debug/stm32f2xx_hal_cortex.o
 .text.NVIC_EncodePriority
                0x08001438       0x68 Timer Configuration THUMB Debug/stm32f2xx_hal_cortex.o
 .text.SysTick_Config
                0x080014a0       0x44 Timer Configuration THUMB Debug/stm32f2xx_hal_cortex.o
 .text.HAL_NVIC_SetPriorityGrouping
                0x080014e4       0x14 Timer Configuration THUMB Debug/stm32f2xx_hal_cortex.o
                0x080014e4                HAL_NVIC_SetPriorityGrouping
 .text.HAL_NVIC_SetPriority
                0x080014f8       0x38 Timer Configuration THUMB Debug/stm32f2xx_hal_cortex.o
                0x080014f8                HAL_NVIC_SetPriority
 .text.HAL_NVIC_EnableIRQ
                0x08001530       0x1c Timer Configuration THUMB Debug/stm32f2xx_hal_cortex.o
                0x08001530                HAL_NVIC_EnableIRQ
 .text.HAL_SYSTICK_Config
                0x0800154c       0x18 Timer Configuration THUMB Debug/stm32f2xx_hal_cortex.o
                0x0800154c                HAL_SYSTICK_Config
 .text.HAL_SYSTICK_CLKSourceConfig
                0x08001564       0x38 Timer Configuration THUMB Debug/stm32f2xx_hal_cortex.o
                0x08001564                HAL_SYSTICK_CLKSourceConfig
 .text.HAL_SYSTICK_IRQHandler
                0x0800159c        0xc Timer Configuration THUMB Debug/stm32f2xx_hal_cortex.o
                0x0800159c                HAL_SYSTICK_IRQHandler
 .text.HAL_SYSTICK_Callback
                0x080015a8        0xc Timer Configuration THUMB Debug/stm32f2xx_hal_cortex.o
                0x080015a8                HAL_SYSTICK_Callback
 .text.HAL_Init
                0x080015b4       0x44 Timer Configuration THUMB Debug/stm32f2xx_hal.o
                0x080015b4                HAL_Init
 .text.HAL_InitTick
                0x080015f8       0x38 Timer Configuration THUMB Debug/stm32f2xx_hal.o
                0x080015f8                HAL_InitTick
 .text.HAL_IncTick
                0x08001630       0x1c Timer Configuration THUMB Debug/stm32f2xx_hal.o
                0x08001630                HAL_IncTick
 .text.HAL_GetTick
                0x0800164c       0x18 Timer Configuration THUMB Debug/stm32f2xx_hal.o
                0x0800164c                HAL_GetTick
 .text.SystemInit
                0x08001664       0x5c Timer Configuration THUMB Debug/system_stm32f2xx.o
                0x08001664                SystemInit
                0x080016c0                __text_end__ = (__text_start__ + SIZEOF (.text))
                0x00001310                __text_size__ = SIZEOF (.text)
                0x080016c0                __text_load_end__ = __text_end__

.vfp11_veneer   0x00000000        0x0
 .vfp11_veneer  0x00000000        0x0 linker stubs

.v4_bx          0x00000000        0x0
 .v4_bx         0x00000000        0x0 linker stubs

.iplt           0x00000000        0x0
 .iplt          0x00000000        0x0 Timer Configuration THUMB Debug/main.o
                0x00000001                . = ASSERT (((__text_start__ == __text_end__) || ((__text_end__ >= __FLASH_segment_start__) && (__text_end__ <= __FLASH_segment_end__))), error: .text is too large to fit in FLASH memory segment)
                0x080016c0                __dtors_load_start__ = ALIGN (__text_end__, 0x4)

.dtors          0x080016c0        0x0
                0x080016c0                __dtors_start__ = .
 *(SORT(.dtors.*))
 *(.dtors)
 *(.fini_array)
 *(SORT(.fini_array.*))
                0x080016c0                __dtors_end__ = (__dtors_start__ + SIZEOF (.dtors))
                0x00000000                __dtors_size__ = SIZEOF (.dtors)
                0x080016c0                __dtors_load_end__ = __dtors_end__
                0x00000001                . = ASSERT (((__dtors_start__ == __dtors_end__) || ((__dtors_end__ >= __FLASH_segment_start__) && (__dtors_end__ <= __FLASH_segment_end__))), error: .dtors is too large to fit in FLASH memory segment)
                0x080016c0                __ctors_load_start__ = ALIGN (__dtors_end__, 0x4)

.ctors          0x080016c0        0x0
                0x080016c0                __ctors_start__ = .
 *(SORT(.ctors.*))
 *(.ctors)
 *(.init_array)
 *(SORT(.init_array.*))
                0x080016c0                __ctors_end__ = (__ctors_start__ + SIZEOF (.ctors))
                0x00000000                __ctors_size__ = SIZEOF (.ctors)
                0x080016c0                __ctors_load_end__ = __ctors_end__
                0x00000001                . = ASSERT (((__ctors_start__ == __ctors_end__) || ((__ctors_end__ >= __FLASH_segment_start__) && (__ctors_end__ <= __FLASH_segment_end__))), error: .ctors is too large to fit in FLASH memory segment)
                0x080016c0                __rodata_load_start__ = ALIGN (__ctors_end__, 0x4)

.rodata         0x080016c0       0x10
                0x080016c0                __rodata_start__ = .
 *(.rodata .rodata.* .gnu.linkonce.r.*)
 .rodata.APBAHBPrescTable
                0x080016c0       0x10 Timer Configuration THUMB Debug/stm32f2xx_hal_rcc.o
                0x080016c0                APBAHBPrescTable
                0x080016d0                __rodata_end__ = (__rodata_start__ + SIZEOF (.rodata))
                0x00000010                __rodata_size__ = SIZEOF (.rodata)
                0x080016d0                __rodata_load_end__ = __rodata_end__

.rel.dyn        0x08000000        0x0
 .rel.iplt      0x00000000        0x0 Timer Configuration THUMB Debug/main.o
                0x00000001                . = ASSERT (((__rodata_start__ == __rodata_end__) || ((__rodata_end__ >= __FLASH_segment_start__) && (__rodata_end__ <= __FLASH_segment_end__))), error: .rodata is too large to fit in FLASH memory segment)
                0x080016d0                __ARM.exidx_load_start__ = ALIGN (__rodata_end__, 0x4)

.ARM.exidx      0x080016d0        0x0
                0x080016d0                __ARM.exidx_start__ = .
                0x080016d0                __exidx_start = __ARM.exidx_start__
 *(.ARM.exidx .ARM.exidx.*)
                0x080016d0                __ARM.exidx_end__ = (__ARM.exidx_start__ + SIZEOF (.ARM.exidx))
                0x00000000                __ARM.exidx_size__ = SIZEOF (.ARM.exidx)
                0x080016d0                __exidx_end = __ARM.exidx_end__
                0x080016d0                __ARM.exidx_load_end__ = __ARM.exidx_end__
                0x00000001                . = ASSERT (((__ARM.exidx_start__ == __ARM.exidx_end__) || ((__ARM.exidx_end__ >= __FLASH_segment_start__) && (__ARM.exidx_end__ <= __FLASH_segment_end__))), error: .ARM.exidx is too large to fit in FLASH memory segment)
                0x080016d0                __fast_load_start__ = ALIGN (__ARM.exidx_end__, 0x4)

.fast           0x20000000        0x0 load address 0x080016d0
                0x20000000                __fast_start__ = .
 *(.fast .fast.*)
                0x20000000                __fast_end__ = (__fast_start__ + SIZEOF (.fast))
                0x00000000                __fast_size__ = SIZEOF (.fast)
                0x080016d0                __fast_load_end__ = (__fast_load_start__ + SIZEOF (.fast))
                0x00000001                . = ASSERT (((__fast_load_start__ == __fast_load_end__) || ((__fast_load_end__ >= __FLASH_segment_start__) && (__fast_load_end__ <= __FLASH_segment_end__))), error: .fast is too large to fit in FLASH memory segment)

.fast_run       0x20000000        0x0
                0x20000000                __fast_run_start__ = .
                0x20000000                . = MAX ((__fast_run_start__ + SIZEOF (.fast)), .)
                0x20000000                __fast_run_end__ = (__fast_run_start__ + SIZEOF (.fast_run))
                0x00000000                __fast_run_size__ = SIZEOF (.fast_run)
                0x20000000                __fast_run_load_end__ = __fast_run_end__
                0x00000001                . = ASSERT (((__fast_run_start__ == __fast_run_end__) || ((__fast_run_end__ >= __RAM_segment_start__) && (__fast_run_end__ <= __RAM_segment_end__))), error: .fast_run is too large to fit in RAM memory segment)
                0x080016d0                __data_load_start__ = ALIGN ((__fast_load_start__ + SIZEOF (.fast)), 0x4)

.data           0x20000000        0x4 load address 0x080016d0
                0x20000000                __data_start__ = .
 *(.data .data.* .gnu.linkonce.d.*)
 .data.SystemCoreClock
                0x20000000        0x4 Timer Configuration THUMB Debug/system_stm32f2xx.o
                0x20000000                SystemCoreClock
                0x20000004                __data_end__ = (__data_start__ + SIZEOF (.data))
                0x00000004                __data_size__ = SIZEOF (.data)
                0x080016d4                __data_load_end__ = (__data_load_start__ + SIZEOF (.data))

.igot.plt       0x00000000        0x0
 .igot.plt      0x00000000        0x0 Timer Configuration THUMB Debug/main.o
                0x00000001                . = ASSERT (((__data_load_start__ == __data_load_end__) || ((__data_load_end__ >= __FLASH_segment_start__) && (__data_load_end__ <= __FLASH_segment_end__))), error: .data is too large to fit in FLASH memory segment)

.data_run       0x20000000        0x4 load address 0x080016d0
                0x20000000                __data_run_start__ = .
                0x20000004                . = MAX ((__data_run_start__ + SIZEOF (.data)), .)
 *fill*         0x20000000        0x4 
                0x20000004                __data_run_end__ = (__data_run_start__ + SIZEOF (.data_run))
                0x00000004                __data_run_size__ = SIZEOF (.data_run)
                0x20000004                __data_run_load_end__ = __data_run_end__
                0x00000001                . = ASSERT (((__data_run_start__ == __data_run_end__) || ((__data_run_end__ >= __RAM_segment_start__) && (__data_run_end__ <= __RAM_segment_end__))), error: .data_run is too large to fit in RAM memory segment)
                0x080016d4                __tdata_load_start__ = ALIGN ((__data_load_start__ + SIZEOF (.data)), 0x4)

.tdata          0x20000004        0x0 load address 0x080016d4
                0x20000004                __tdata_start__ = .
 *(.tdata .tdata.*)
                0x20000004                __tdata_end__ = (__tdata_start__ + SIZEOF (.tdata))
                0x00000000                __tdata_size__ = SIZEOF (.tdata)
                0x080016d4                __tdata_load_end__ = (__tdata_load_start__ + SIZEOF (.tdata))
                0x080016d4                __FLASH_segment_used_end__ = (ALIGN ((__data_load_start__ + SIZEOF (.data)), 0x4) + SIZEOF (.tdata))
                0x000016d4                __FLASH_segment_used_size__ = (__FLASH_segment_used_end__ - __FLASH_segment_start__)
                0x00000001                . = ASSERT (((__tdata_load_start__ == __tdata_load_end__) || ((__tdata_load_end__ >= __FLASH_segment_start__) && (__tdata_load_end__ <= __FLASH_segment_end__))), error: .tdata is too large to fit in FLASH memory segment)

.tdata_run      0x20000004        0x0
                0x20000004                __tdata_run_start__ = .
                0x20000004                . = MAX ((__tdata_run_start__ + SIZEOF (.tdata)), .)
                0x20000004                __tdata_run_end__ = (__tdata_run_start__ + SIZEOF (.tdata_run))
                0x00000000                __tdata_run_size__ = SIZEOF (.tdata_run)
                0x20000004                __tdata_run_load_end__ = __tdata_run_end__
                0x00000001                . = ASSERT (((__tdata_run_start__ == __tdata_run_end__) || ((__tdata_run_end__ >= __RAM_segment_start__) && (__tdata_run_end__ <= __RAM_segment_end__))), error: .tdata_run is too large to fit in RAM memory segment)
                0x20000004                __bss_load_start__ = ALIGN (__tdata_run_end__, 0x4)

.bss            0x20000004       0x44
                0x20000004                __bss_start__ = .
 *(.bss .bss.* .gnu.linkonce.b.*)
 .bss.a         0x20000004        0x4 Timer Configuration THUMB Debug/main.o
                0x20000004                a
 .bss.htim1     0x20000008       0x3c Timer Configuration THUMB Debug/tim.o
                0x20000008                htim1
 .bss.uwTick    0x20000044        0x4 Timer Configuration THUMB Debug/stm32f2xx_hal.o
 *(COMMON)
                0x20000048                __bss_end__ = (__bss_start__ + SIZEOF (.bss))
                0x00000044                __bss_size__ = SIZEOF (.bss)
                0x20000048                __bss_load_end__ = __bss_end__
                0x00000001                . = ASSERT (((__bss_start__ == __bss_end__) || ((__bss_end__ >= __RAM_segment_start__) && (__bss_end__ <= __RAM_segment_end__))), error: .bss is too large to fit in RAM memory segment)
                0x20000048                __tbss_load_start__ = ALIGN (__bss_end__, 0x4)

.tbss           0x20000048        0x0
                0x20000048                __tbss_start__ = .
 *(.tbss .tbss.*)
                0x20000048                __tbss_end__ = (__tbss_start__ + SIZEOF (.tbss))
                0x00000000                __tbss_size__ = SIZEOF (.tbss)
                0x20000048                __tbss_load_end__ = __tbss_end__
                0x00000001                . = ASSERT (((__tbss_start__ == __tbss_end__) || ((__tbss_end__ >= __RAM_segment_start__) && (__tbss_end__ <= __RAM_segment_end__))), error: .tbss is too large to fit in RAM memory segment)
                0x20000048                __non_init_load_start__ = ALIGN (__tbss_end__, 0x4)

.non_init       0x20000048        0x0
                0x20000048                __non_init_start__ = .
 *(.non_init .non_init.*)
                0x20000048                __non_init_end__ = (__non_init_start__ + SIZEOF (.non_init))
                0x00000000                __non_init_size__ = SIZEOF (.non_init)
                0x20000048                __non_init_load_end__ = __non_init_end__
                0x00000001                . = ASSERT (((__non_init_start__ == __non_init_end__) || ((__non_init_end__ >= __RAM_segment_start__) && (__non_init_end__ <= __RAM_segment_end__))), error: .non_init is too large to fit in RAM memory segment)
                0x20000048                __heap_load_start__ = ALIGN (__non_init_end__, 0x4)

.heap           0x20000048       0x80
                0x20000048                __heap_start__ = .
 *(.heap .heap.*)
                0x200000c8                . = ALIGN (MAX ((__heap_start__ + __HEAPSIZE__), .), 0x4)
 *fill*         0x20000048       0x80 
                0x200000c8                __heap_end__ = (__heap_start__ + SIZEOF (.heap))
                0x00000080                __heap_size__ = SIZEOF (.heap)
                0x200000c8                __heap_load_end__ = __heap_end__
                0x00000001                . = ASSERT (((__heap_start__ == __heap_end__) || ((__heap_end__ >= __RAM_segment_start__) && (__heap_end__ <= __RAM_segment_end__))), error: .heap is too large to fit in RAM memory segment)
                0x200000c8                __stack_load_start__ = ALIGN (__heap_end__, 0x8)

.stack          0x200000c8      0x100
                0x200000c8                __stack_start__ = .
 *(.stack .stack.*)
                0x200001c8                . = ALIGN (MAX ((__stack_start__ + __STACKSIZE__), .), 0x8)
 *fill*         0x200000c8      0x100 
                0x200001c8                __stack_end__ = (__stack_start__ + SIZEOF (.stack))
                0x00000100                __stack_size__ = SIZEOF (.stack)
                0x200001c8                __stack_load_end__ = __stack_end__
                0x00000001                . = ASSERT (((__stack_start__ == __stack_end__) || ((__stack_end__ >= __RAM_segment_start__) && (__stack_end__ <= __RAM_segment_end__))), error: .stack is too large to fit in RAM memory segment)
                0x200001c8                __stack_process_load_start__ = ALIGN (__stack_end__, 0x8)

.stack_process  0x200001c8        0x0
                0x200001c8                __stack_process_start__ = .
 *(.stack_process .stack_process.*)
                0x200001c8                . = ALIGN (MAX ((__stack_process_start__ + __STACKSIZE_PROCESS__), .), 0x8)
                0x200001c8                __stack_process_end__ = (__stack_process_start__ + SIZEOF (.stack_process))
                0x00000000                __stack_process_size__ = SIZEOF (.stack_process)
                0x200001c8                __stack_process_load_end__ = __stack_process_end__
                0x200001c8                __RAM_segment_used_end__ = (ALIGN (__stack_end__, 0x8) + SIZEOF (.stack_process))
                0x000001c8                __RAM_segment_used_size__ = (__RAM_segment_used_end__ - __RAM_segment_start__)
                0x00000001                . = ASSERT (((__stack_process_start__ == __stack_process_end__) || ((__stack_process_end__ >= __RAM_segment_start__) && (__stack_process_end__ <= __RAM_segment_end__))), error: .stack_process is too large to fit in RAM memory segment)
START GROUP
LOAD Timer Configuration THUMB Debug/main.o
LOAD Timer Configuration THUMB Debug/stm32f2xx_it.o
LOAD Timer Configuration THUMB Debug/stm32f2xx_hal_msp.o
LOAD Timer Configuration THUMB Debug/tim.o
LOAD Timer Configuration THUMB Debug/stm32f2xx_hal_pwr_ex.o
LOAD Timer Configuration THUMB Debug/stm32f2xx_hal_pwr.o
LOAD Timer Configuration THUMB Debug/stm32f2xx_hal_tim.o
LOAD Timer Configuration THUMB Debug/stm32f2xx_hal_tim_ex.o
LOAD Timer Configuration THUMB Debug/stm32f2xx_hal_flash_ex.o
LOAD Timer Configuration THUMB Debug/stm32f2xx_hal_rcc_ex.o
LOAD Timer Configuration THUMB Debug/stm32f2xx_hal_rcc.o
LOAD Timer Configuration THUMB Debug/stm32f2xx_hal_flash.o
LOAD Timer Configuration THUMB Debug/stm32f2xx_hal_dma.o
LOAD Timer Configuration THUMB Debug/stm32f2xx_hal_cortex.o
LOAD Timer Configuration THUMB Debug/stm32f2xx_hal_dma_ex.o
LOAD Timer Configuration THUMB Debug/stm32f2xx_hal_gpio.o
LOAD Timer Configuration THUMB Debug/stm32f2xx_hal.o
LOAD Timer Configuration THUMB Debug/system_stm32f2xx.o
LOAD Timer Configuration THUMB Debug/thumb_crt0.o
LOAD Timer Configuration THUMB Debug/STM32_Startup.o
LOAD C:/Program Files (x86)/Rowley Associates Limited/CrossWorks for ARM 3.5/lib/libcm_v7m_t_le_eabi.a
LOAD C:/Program Files (x86)/Rowley Associates Limited/CrossWorks for ARM 3.5/lib/libdebugio_mempoll_v7m_t_le_eabi.a
LOAD C:/Program Files (x86)/Rowley Associates Limited/CrossWorks for ARM 3.5/lib/libm_v7m_t_le_eabi.a
LOAD C:/Program Files (x86)/Rowley Associates Limited/CrossWorks for ARM 3.5/lib/libc_v7m_t_le_eabi.a
LOAD C:/Program Files (x86)/Rowley Associates Limited/CrossWorks for ARM 3.5/lib/libcpp_v7m_t_le_eabi.a
LOAD C:/Program Files (x86)/Rowley Associates Limited/CrossWorks for ARM 3.5/lib/libdebugio_v7m_t_le_eabi.a
LOAD C:/Program Files (x86)/Rowley Associates Limited/CrossWorks for ARM 3.5/lib/libvfprintf_v7m_t_le_eabi.o
LOAD C:/Program Files (x86)/Rowley Associates Limited/CrossWorks for ARM 3.5/lib/libvfscanf_v7m_t_le_eabi.o
END GROUP
OUTPUT(Timer Configuration THUMB Debug/Timer Configuration.elf elf32-littlearm)

.debug_frame    0x00000000     0x3190
 .debug_frame   0x00000000       0xac Timer Configuration THUMB Debug/main.o
 .debug_frame   0x000000ac       0x58 Timer Configuration THUMB Debug/stm32f2xx_it.o
 .debug_frame   0x00000104       0x34 Timer Configuration THUMB Debug/stm32f2xx_hal_msp.o
 .debug_frame   0x00000138       0xb8 Timer Configuration THUMB Debug/tim.o
 .debug_frame   0x000001f0     0x18cc Timer Configuration THUMB Debug/stm32f2xx_hal_tim.o
 .debug_frame   0x00001abc      0x894 Timer Configuration THUMB Debug/stm32f2xx_hal_tim_ex.o
 .debug_frame   0x00002350      0x304 Timer Configuration THUMB Debug/stm32f2xx_hal_rcc.o
 .debug_frame   0x00002654      0x6a4 Timer Configuration THUMB Debug/stm32f2xx_hal_cortex.o
 .debug_frame   0x00002cf8      0x418 Timer Configuration THUMB Debug/stm32f2xx_hal.o
 .debug_frame   0x00003110       0x80 Timer Configuration THUMB Debug/system_stm32f2xx.o

.debug_info     0x00000000     0x7517
 .debug_info    0x00000000      0x8c4 Timer Configuration THUMB Debug/main.o
 .debug_info    0x000008c4      0x57c Timer Configuration THUMB Debug/stm32f2xx_it.o
 .debug_info    0x00000e40      0x2d8 Timer Configuration THUMB Debug/stm32f2xx_hal_msp.o
 .debug_info    0x00001118      0xa3c Timer Configuration THUMB Debug/tim.o
 .debug_info    0x00001b54     0x2152 Timer Configuration THUMB Debug/stm32f2xx_hal_tim.o
 .debug_info    0x00003ca6      0xf18 Timer Configuration THUMB Debug/stm32f2xx_hal_tim_ex.o
 .debug_info    0x00004bbe      0xdd1 Timer Configuration THUMB Debug/stm32f2xx_hal_rcc.o
 .debug_info    0x0000598f      0xcc0 Timer Configuration THUMB Debug/stm32f2xx_hal_cortex.o
 .debug_info    0x0000664f      0x8a9 Timer Configuration THUMB Debug/stm32f2xx_hal.o
 .debug_info    0x00006ef8      0x47c Timer Configuration THUMB Debug/system_stm32f2xx.o
 .debug_info    0x00007374       0xc1 Timer Configuration THUMB Debug/thumb_crt0.o
 .debug_info    0x00007435       0xe2 Timer Configuration THUMB Debug/STM32_Startup.o

.debug_abbrev   0x00000000     0x1105
 .debug_abbrev  0x00000000      0x1a7 Timer Configuration THUMB Debug/main.o
 .debug_abbrev  0x000001a7      0x133 Timer Configuration THUMB Debug/stm32f2xx_it.o
 .debug_abbrev  0x000002da       0x80 Timer Configuration THUMB Debug/stm32f2xx_hal_msp.o
 .debug_abbrev  0x0000035a      0x15c Timer Configuration THUMB Debug/tim.o
 .debug_abbrev  0x000004b6      0x207 Timer Configuration THUMB Debug/stm32f2xx_hal_tim.o
 .debug_abbrev  0x000006bd      0x1fe Timer Configuration THUMB Debug/stm32f2xx_hal_tim_ex.o
 .debug_abbrev  0x000008bb      0x25d Timer Configuration THUMB Debug/stm32f2xx_hal_rcc.o
 .debug_abbrev  0x00000b18      0x2c1 Timer Configuration THUMB Debug/stm32f2xx_hal_cortex.o
 .debug_abbrev  0x00000dd9      0x202 Timer Configuration THUMB Debug/stm32f2xx_hal.o
 .debug_abbrev  0x00000fdb      0x104 Timer Configuration THUMB Debug/system_stm32f2xx.o
 .debug_abbrev  0x000010df       0x12 Timer Configuration THUMB Debug/thumb_crt0.o
 .debug_abbrev  0x000010f1       0x14 Timer Configuration THUMB Debug/STM32_Startup.o

.debug_aranges  0x00000000      0x890
 .debug_aranges
                0x00000000       0x30 Timer Configuration THUMB Debug/main.o
 .debug_aranges
                0x00000030       0x28 Timer Configuration THUMB Debug/stm32f2xx_it.o
 .debug_aranges
                0x00000058       0x20 Timer Configuration THUMB Debug/stm32f2xx_hal_msp.o
 .debug_aranges
                0x00000078       0x30 Timer Configuration THUMB Debug/tim.o
 .debug_aranges
                0x000000a8      0x368 Timer Configuration THUMB Debug/stm32f2xx_hal_tim.o
 .debug_aranges
                0x00000410      0x140 Timer Configuration THUMB Debug/stm32f2xx_hal_tim_ex.o
 .debug_aranges
                0x00000550       0x88 Timer Configuration THUMB Debug/stm32f2xx_hal_rcc.o
 .debug_aranges
                0x000005d8      0x108 Timer Configuration THUMB Debug/stm32f2xx_hal_cortex.o
 .debug_aranges
                0x000006e0       0xc0 Timer Configuration THUMB Debug/stm32f2xx_hal.o
 .debug_aranges
                0x000007a0       0x28 Timer Configuration THUMB Debug/system_stm32f2xx.o
 .debug_aranges
                0x000007c8       0xa8 Timer Configuration THUMB Debug/thumb_crt0.o
 .debug_aranges
                0x00000870       0x20 Timer Configuration THUMB Debug/STM32_Startup.o

.debug_ranges   0x00000000      0x7c8
 .debug_ranges  0x00000000       0x20 Timer Configuration THUMB Debug/main.o
 .debug_ranges  0x00000020       0x18 Timer Configuration THUMB Debug/stm32f2xx_it.o
 .debug_ranges  0x00000038       0x10 Timer Configuration THUMB Debug/stm32f2xx_hal_msp.o
 .debug_ranges  0x00000048       0x20 Timer Configuration THUMB Debug/tim.o
 .debug_ranges  0x00000068      0x358 Timer Configuration THUMB Debug/stm32f2xx_hal_tim.o
 .debug_ranges  0x000003c0      0x130 Timer Configuration THUMB Debug/stm32f2xx_hal_tim_ex.o
 .debug_ranges  0x000004f0       0x78 Timer Configuration THUMB Debug/stm32f2xx_hal_rcc.o
 .debug_ranges  0x00000568       0xf8 Timer Configuration THUMB Debug/stm32f2xx_hal_cortex.o
 .debug_ranges  0x00000660       0xb0 Timer Configuration THUMB Debug/stm32f2xx_hal.o
 .debug_ranges  0x00000710       0x18 Timer Configuration THUMB Debug/system_stm32f2xx.o
 .debug_ranges  0x00000728       0xa0 Timer Configuration THUMB Debug/thumb_crt0.o

.debug_macro    0x00000000    0x11142
 .debug_macro   0x00000000      0x175 Timer Configuration THUMB Debug/main.o
 .debug_macro   0x00000175      0x8b0 Timer Configuration THUMB Debug/main.o
 .debug_macro   0x00000a25      0x19b Timer Configuration THUMB Debug/main.o
 .debug_macro   0x00000bc0       0x2e Timer Configuration THUMB Debug/main.o
 .debug_macro   0x00000bee       0x22 Timer Configuration THUMB Debug/main.o
 .debug_macro   0x00000c10       0x3a Timer Configuration THUMB Debug/main.o
 .debug_macro   0x00000c4a      0x188 Timer Configuration THUMB Debug/main.o
 .debug_macro   0x00000dd2       0x2d Timer Configuration THUMB Debug/main.o
 .debug_macro   0x00000dff      0xbb1 Timer Configuration THUMB Debug/main.o
 .debug_macro   0x000019b0     0x90e2 Timer Configuration THUMB Debug/main.o
 .debug_macro   0x0000aa92       0x43 Timer Configuration THUMB Debug/main.o
 .debug_macro   0x0000aad5     0x31ee Timer Configuration THUMB Debug/main.o
 .debug_macro   0x0000dcc3       0x89 Timer Configuration THUMB Debug/main.o
 .debug_macro   0x0000dd4c       0x55 Timer Configuration THUMB Debug/main.o
 .debug_macro   0x0000dda1       0x57 Timer Configuration THUMB Debug/main.o
 .debug_macro   0x0000ddf8      0xd4e Timer Configuration THUMB Debug/main.o
 .debug_macro   0x0000eb46      0x100 Timer Configuration THUMB Debug/main.o
 .debug_macro   0x0000ec46      0x169 Timer Configuration THUMB Debug/main.o
 .debug_macro   0x0000edaf      0x11e Timer Configuration THUMB Debug/main.o
 .debug_macro   0x0000eecd      0x110 Timer Configuration THUMB Debug/main.o
 .debug_macro   0x0000efdd       0x27 Timer Configuration THUMB Debug/main.o
 .debug_macro   0x0000f004      0x272 Timer Configuration THUMB Debug/main.o
 .debug_macro   0x0000f276       0x5f Timer Configuration THUMB Debug/main.o
 .debug_macro   0x0000f2d5      0x241 Timer Configuration THUMB Debug/main.o
 .debug_macro   0x0000f516      0x12d Timer Configuration THUMB Debug/main.o
 .debug_macro   0x0000f643      0x21c Timer Configuration THUMB Debug/main.o
 .debug_macro   0x0000f85f       0x2e Timer Configuration THUMB Debug/main.o
 .debug_macro   0x0000f88d      0x117 Timer Configuration THUMB Debug/main.o
 .debug_macro   0x0000f9a4       0x22 Timer Configuration THUMB Debug/main.o
 .debug_macro   0x0000f9c6       0x82 Timer Configuration THUMB Debug/main.o
 .debug_macro   0x0000fa48      0x6d9 Timer Configuration THUMB Debug/main.o
 .debug_macro   0x00010121       0x59 Timer Configuration THUMB Debug/main.o
 .debug_macro   0x0001017a      0x14d Timer Configuration THUMB Debug/main.o
 .debug_macro   0x000102c7      0x125 Timer Configuration THUMB Debug/main.o
 .debug_macro   0x000103ec      0x175 Timer Configuration THUMB Debug/stm32f2xx_it.o
 .debug_macro   0x00010561      0x16b Timer Configuration THUMB Debug/stm32f2xx_hal_msp.o
 .debug_macro   0x000106cc      0x175 Timer Configuration THUMB Debug/tim.o
 .debug_macro   0x00010841      0x16c Timer Configuration THUMB Debug/stm32f2xx_hal_tim.o
 .debug_macro   0x000109ad      0x16b Timer Configuration THUMB Debug/stm32f2xx_hal_tim_ex.o
 .debug_macro   0x00010b18      0x195 Timer Configuration THUMB Debug/stm32f2xx_hal_rcc.o
 .debug_macro   0x00010cad      0x16b Timer Configuration THUMB Debug/stm32f2xx_hal_cortex.o
 .debug_macro   0x00010e18      0x1b9 Timer Configuration THUMB Debug/stm32f2xx_hal.o
 .debug_macro   0x00010fd1      0x171 Timer Configuration THUMB Debug/system_stm32f2xx.o

.debug_line     0x00000000     0x4cc9
 .debug_line    0x00000000      0x44a Timer Configuration THUMB Debug/main.o
 .debug_line    0x0000044a      0x438 Timer Configuration THUMB Debug/stm32f2xx_it.o
 .debug_line    0x00000882      0x419 Timer Configuration THUMB Debug/stm32f2xx_hal_msp.o
 .debug_line    0x00000c9b      0x447 Timer Configuration THUMB Debug/tim.o
 .debug_line    0x000010e2     0x15b7 Timer Configuration THUMB Debug/stm32f2xx_hal_tim.o
 .debug_line    0x00002699      0x9ea Timer Configuration THUMB Debug/stm32f2xx_hal_tim_ex.o
 .debug_line    0x00003083      0x774 Timer Configuration THUMB Debug/stm32f2xx_hal_rcc.o
 .debug_line    0x000037f7      0x71b Timer Configuration THUMB Debug/stm32f2xx_hal_cortex.o
 .debug_line    0x00003f12      0x5d4 Timer Configuration THUMB Debug/stm32f2xx_hal.o
 .debug_line    0x000044e6      0x473 Timer Configuration THUMB Debug/system_stm32f2xx.o
 .debug_line    0x00004959      0x240 Timer Configuration THUMB Debug/thumb_crt0.o
 .debug_line    0x00004b99      0x130 Timer Configuration THUMB Debug/STM32_Startup.o

.debug_str      0x00000000    0x70d4e
 .debug_str     0x00000000    0x6eb0b Timer Configuration THUMB Debug/main.o
                              0x6ecbb (size before relaxing)
 .debug_str     0x0006eb0b       0x92 Timer Configuration THUMB Debug/stm32f2xx_it.o
                              0x6e722 (size before relaxing)
 .debug_str     0x0006eb9d       0x68 Timer Configuration THUMB Debug/stm32f2xx_hal_msp.o
                              0x6e76e (size before relaxing)
 .debug_str     0x0006ec05      0x22c Timer Configuration THUMB Debug/tim.o
                              0x6edc0 (size before relaxing)
 .debug_str     0x0006ee31      0xcb9 Timer Configuration THUMB Debug/stm32f2xx_hal_tim.o
                              0x6f465 (size before relaxing)
 .debug_str     0x0006faea      0x519 Timer Configuration THUMB Debug/stm32f2xx_hal_tim_ex.o
                              0x6ed18 (size before relaxing)
 .debug_str     0x00070003      0x3de Timer Configuration THUMB Debug/stm32f2xx_hal_rcc.o
                              0x6e82e (size before relaxing)
 .debug_str     0x000703e1      0x437 Timer Configuration THUMB Debug/stm32f2xx_hal_cortex.o
                              0x6ec90 (size before relaxing)
 .debug_str     0x00070818      0x46c Timer Configuration THUMB Debug/stm32f2xx_hal.o
                              0x6edea (size before relaxing)
 .debug_str     0x00070c84       0xca Timer Configuration THUMB Debug/system_stm32f2xx.o
                              0x6e46d (size before relaxing)

.comment        0x00000000       0x4e
 .comment       0x00000000       0x4e Timer Configuration THUMB Debug/main.o
                                 0x4f (size before relaxing)
 .comment       0x00000000       0x4f Timer Configuration THUMB Debug/stm32f2xx_it.o
 .comment       0x00000000       0x4f Timer Configuration THUMB Debug/stm32f2xx_hal_msp.o
 .comment       0x00000000       0x4f Timer Configuration THUMB Debug/tim.o
 .comment       0x00000000       0x4f Timer Configuration THUMB Debug/stm32f2xx_hal_tim.o
 .comment       0x00000000       0x4f Timer Configuration THUMB Debug/stm32f2xx_hal_tim_ex.o
 .comment       0x00000000       0x4f Timer Configuration THUMB Debug/stm32f2xx_hal_rcc.o
 .comment       0x00000000       0x4f Timer Configuration THUMB Debug/stm32f2xx_hal_cortex.o
 .comment       0x00000000       0x4f Timer Configuration THUMB Debug/stm32f2xx_hal.o
 .comment       0x00000000       0x4f Timer Configuration THUMB Debug/system_stm32f2xx.o

.ARM.attributes
                0x00000000       0x31
 .ARM.attributes
                0x00000000       0x33 Timer Configuration THUMB Debug/main.o
 .ARM.attributes
                0x00000033       0x33 Timer Configuration THUMB Debug/stm32f2xx_it.o
 .ARM.attributes
                0x00000066       0x33 Timer Configuration THUMB Debug/stm32f2xx_hal_msp.o
 .ARM.attributes
                0x00000099       0x33 Timer Configuration THUMB Debug/tim.o
 .ARM.attributes
                0x000000cc       0x33 Timer Configuration THUMB Debug/stm32f2xx_hal_tim.o
 .ARM.attributes
                0x000000ff       0x33 Timer Configuration THUMB Debug/stm32f2xx_hal_tim_ex.o
 .ARM.attributes
                0x00000132       0x33 Timer Configuration THUMB Debug/stm32f2xx_hal_rcc.o
 .ARM.attributes
                0x00000165       0x33 Timer Configuration THUMB Debug/stm32f2xx_hal_cortex.o
 .ARM.attributes
                0x00000198       0x33 Timer Configuration THUMB Debug/stm32f2xx_hal.o
 .ARM.attributes
                0x000001cb       0x33 Timer Configuration THUMB Debug/system_stm32f2xx.o
 .ARM.attributes
                0x000001fe       0x21 Timer Configuration THUMB Debug/thumb_crt0.o
 .ARM.attributes
                0x0000021f       0x21 Timer Configuration THUMB Debug/STM32_Startup.o
