Archive member included because of file (symbol)

C:/Program Files (x86)/Rowley Associates Limited/CrossWorks for ARM 3.5/lib/libm_v7m_t_le_eabi.a(libm_asm.o)
                              C:/Program Files (x86)/Rowley Associates Limited/CrossWorks for ARM 3.5/lib/libvfscanf_v7m_t_le_eabi.o (__aeabi_i2d)
C:/Program Files (x86)/Rowley Associates Limited/CrossWorks for ARM 3.5/lib/libm_v7m_t_le_eabi.a(libm2.o)
                              C:/Program Files (x86)/Rowley Associates Limited/CrossWorks for ARM 3.5/lib/libvfprintf_v7m_t_le_eabi.o (frexp)
C:/Program Files (x86)/Rowley Associates Limited/CrossWorks for ARM 3.5/lib/libm_v7m_t_le_eabi.a(libm2_asm.o)
                              C:/Program Files (x86)/Rowley Associates Limited/CrossWorks for ARM 3.5/lib/libm_v7m_t_le_eabi.a(libm2.o) (fabs)
C:/Program Files (x86)/Rowley Associates Limited/CrossWorks for ARM 3.5/lib/libc_v7m_t_le_eabi.a(libc_asm.o)
                              C:/Program Files (x86)/Rowley Associates Limited/CrossWorks for ARM 3.5/lib/libvfprintf_v7m_t_le_eabi.o (__aeabi_uldivmod)
C:/Program Files (x86)/Rowley Associates Limited/CrossWorks for ARM 3.5/lib/libc_v7m_t_le_eabi.a(libc2.o)
                              C:/Program Files (x86)/Rowley Associates Limited/CrossWorks for ARM 3.5/lib/libvfscanf_v7m_t_le_eabi.o (__getc)
C:/Program Files (x86)/Rowley Associates Limited/CrossWorks for ARM 3.5/lib/libc_v7m_t_le_eabi.a(libc2_asm.o)
                              C:/Program Files (x86)/Rowley Associates Limited/CrossWorks for ARM 3.5/lib/libc_v7m_t_le_eabi.a(libc2.o) (memcpy)

Discarded input sections

 .group         0x00000000        0x8 i2c_dma Configuration THUMB Debug/stm32f2xx_hal_msp.o
 .group         0x00000000        0x8 i2c_dma Configuration THUMB Debug/stm32f2xx_hal_msp.o
 .group         0x00000000        0x8 i2c_dma Configuration THUMB Debug/stm32f2xx_hal_msp.o
 .group         0x00000000        0x8 i2c_dma Configuration THUMB Debug/stm32f2xx_hal_msp.o
 .group         0x00000000        0x8 i2c_dma Configuration THUMB Debug/stm32f2xx_hal_msp.o
 .group         0x00000000        0x8 i2c_dma Configuration THUMB Debug/stm32f2xx_hal_msp.o
 .group         0x00000000        0x8 i2c_dma Configuration THUMB Debug/stm32f2xx_hal_msp.o
 .group         0x00000000        0x8 i2c_dma Configuration THUMB Debug/stm32f2xx_hal_msp.o
 .group         0x00000000        0x8 i2c_dma Configuration THUMB Debug/stm32f2xx_hal_msp.o
 .group         0x00000000        0x8 i2c_dma Configuration THUMB Debug/stm32f2xx_hal_msp.o
 .group         0x00000000        0x8 i2c_dma Configuration THUMB Debug/stm32f2xx_hal_msp.o
 .group         0x00000000        0x8 i2c_dma Configuration THUMB Debug/stm32f2xx_hal_msp.o
 .group         0x00000000        0x8 i2c_dma Configuration THUMB Debug/stm32f2xx_hal_msp.o
 .group         0x00000000        0x8 i2c_dma Configuration THUMB Debug/stm32f2xx_hal_msp.o
 .group         0x00000000        0x8 i2c_dma Configuration THUMB Debug/stm32f2xx_hal_msp.o
 .group         0x00000000        0x8 i2c_dma Configuration THUMB Debug/stm32f2xx_hal_msp.o
 .group         0x00000000        0x8 i2c_dma Configuration THUMB Debug/stm32f2xx_hal_msp.o
 .group         0x00000000        0x8 i2c_dma Configuration THUMB Debug/stm32f2xx_hal_msp.o
 .group         0x00000000        0x8 i2c_dma Configuration THUMB Debug/stm32f2xx_hal_msp.o
 .group         0x00000000        0x8 i2c_dma Configuration THUMB Debug/stm32f2xx_hal_msp.o
 .group         0x00000000        0x8 i2c_dma Configuration THUMB Debug/stm32f2xx_hal_msp.o
 .group         0x00000000        0x8 i2c_dma Configuration THUMB Debug/stm32f2xx_hal_msp.o
 .group         0x00000000        0x8 i2c_dma Configuration THUMB Debug/stm32f2xx_hal_msp.o
 .group         0x00000000        0x8 i2c_dma Configuration THUMB Debug/stm32f2xx_hal_msp.o
 .group         0x00000000        0x8 i2c_dma Configuration THUMB Debug/stm32f2xx_hal_msp.o
 .group         0x00000000        0x8 i2c_dma Configuration THUMB Debug/stm32f2xx_hal_msp.o
 .group         0x00000000        0x8 i2c_dma Configuration THUMB Debug/stm32f2xx_hal_msp.o
 .group         0x00000000        0x8 i2c_dma Configuration THUMB Debug/stm32f2xx_hal_msp.o
 .group         0x00000000        0x8 i2c_dma Configuration THUMB Debug/stm32f2xx_hal_msp.o
 .group         0x00000000        0x8 i2c_dma Configuration THUMB Debug/stm32f2xx_hal_msp.o
 .group         0x00000000        0x8 i2c_dma Configuration THUMB Debug/stm32f2xx_hal_msp.o
 .text          0x00000000        0x0 i2c_dma Configuration THUMB Debug/stm32f2xx_hal_msp.o
 .data          0x00000000        0x0 i2c_dma Configuration THUMB Debug/stm32f2xx_hal_msp.o
 .bss           0x00000000        0x0 i2c_dma Configuration THUMB Debug/stm32f2xx_hal_msp.o
 .group         0x00000000        0x8 i2c_dma Configuration THUMB Debug/dma.o
 .group         0x00000000        0x8 i2c_dma Configuration THUMB Debug/dma.o
 .group         0x00000000        0x8 i2c_dma Configuration THUMB Debug/dma.o
[...]
Memory Configuration

Name             Origin             Length             Attributes
UNPLACED_SECTIONS 0xffffffff         0x00000000         xw
FLASH            0x08000000         0x00040000         xr
SYSTEM           0x1fff0000         0x00007a10         xw
OPTION           0x1fffc000         0x00000008         xw
RAM              0x20000000         0x00020000         xw
SRAM1            0x20000000         0x0001c000         xw
SRAM2            0x2001c000         0x00004000         xw
APB1             0x40000000         0x00007800         xw
APB2             0x40010000         0x00004c00         xw
AHB1             0x40020000         0x00080000         xw
AHB2             0x50000000         0x00060c00         xw
FSMC             0xa0000000         0x00001000         xw
PCCARD           0x90000000         0x00000000         xw
NAND2            0x80000000         0x00000000         xw
NAND1            0x70000000         0x00000000         xw
NOR_PSRAM4       0x6c000000         0x00000000         xw
NOR_PSRAM3       0x68000000         0x00000000         xw
NOR_PSRAM2       0x64000000         0x00000000         xw
NOR_PSRAM1       0x60000000         0x00000000         xw
PPB              0xe0000000         0x00100000         xw
DBG              0xe0042000         0x00000010         xw
*default*        0x00000000         0xffffffff

Linker script and memory map

                0x00000000                __vfprintf = __vfprintf_float_long_long
                0x00000000                __vfscanf = __vfscanf_float_long_long_cc
                0x08000000                __FLASH_segment_start__ = 0x8000000
                0x08040000                __FLASH_segment_end__ = 0x8040000
                0x00040000                __FLASH_segment_size__ = 0x40000
                0x1fff0000                __SYSTEM_segment_start__ = 0x1fff0000
                0x1fff7a10                __SYSTEM_segment_end__ = 0x1fff7a10
                0x00007a10                __SYSTEM_segment_size__ = 0x7a10
                0x1fffc000                __OPTION_segment_start__ = 0x1fffc000
                0x1fffc008                __OPTION_segment_end__ = 0x1fffc008
                0x00000008                __OPTION_segment_size__ = 0x8
                0x20000000                __RAM_segment_start__ = 0x20000000
                0x20020000                __RAM_segment_end__ = 0x20020000
                0x00020000                __RAM_segment_size__ = 0x20000
                0x20000000                __SRAM1_segment_start__ = 0x20000000
                0x2001c000                __SRAM1_segment_end__ = 0x2001c000
                0x0001c000                __SRAM1_segment_size__ = 0x1c000
                0x2001c000                __SRAM2_segment_start__ = 0x2001c000
                0x20020000                __SRAM2_segment_end__ = 0x20020000
                0x00004000                __SRAM2_segment_size__ = 0x4000
                0x40000000                __APB1_segment_start__ = 0x40000000
                0x40007800                __APB1_segment_end__ = 0x40007800
                0x00007800                __APB1_segment_size__ = 0x7800
                0x40010000                __APB2_segment_start__ = 0x40010000
                0x40014c00                __APB2_segment_end__ = 0x40014c00
                0x00004c00                __APB2_segment_size__ = 0x4c00
                0x40020000                __AHB1_segment_start__ = 0x40020000
                0x400a0000                __AHB1_segment_end__ = 0x400a0000
                0x00080000                __AHB1_segment_size__ = 0x80000
                0x50000000                __AHB2_segment_start__ = 0x50000000
                0x50060c00                __AHB2_segment_end__ = 0x50060c00
                0x00060c00                __AHB2_segment_size__ = 0x60c00
                0xa0000000                __FSMC_segment_start__ = 0xa0000000
                0xa0001000                __FSMC_segment_end__ = 0xa0001000
                0x00001000                __FSMC_segment_size__ = 0x1000
                0x90000000                __PCCARD_segment_start__ = 0x90000000
                0x90000000                __PCCARD_segment_end__ = 0x90000000
                0x00000000                __PCCARD_segment_size__ = 0x0
                0x80000000                __NAND2_segment_start__ = 0x80000000
                0x80000000                __NAND2_segment_end__ = 0x80000000
                0x00000000                __NAND2_segment_size__ = 0x0
                0x70000000                __NAND1_segment_start__ = 0x70000000
                0x70000000                __NAND1_segment_end__ = 0x70000000
                0x00000000                __NAND1_segment_size__ = 0x0
                0x6c000000                __NOR_PSRAM4_segment_start__ = 0x6c000000
                0x6c000000                __NOR_PSRAM4_segment_end__ = 0x6c000000
                0x00000000                __NOR_PSRAM4_segment_size__ = 0x0
                0x68000000                __NOR_PSRAM3_segment_start__ = 0x68000000
                0x68000000                __NOR_PSRAM3_segment_end__ = 0x68000000
                0x00000000                __NOR_PSRAM3_segment_size__ = 0x0
                0x64000000                __NOR_PSRAM2_segment_start__ = 0x64000000
                0x64000000                __NOR_PSRAM2_segment_end__ = 0x64000000
                0x00000000                __NOR_PSRAM2_segment_size__ = 0x0
                0x60000000                __NOR_PSRAM1_segment_start__ = 0x60000000
                0x60000000                __NOR_PSRAM1_segment_end__ = 0x60000000
                0x00000000                __NOR_PSRAM1_segment_size__ = 0x0
                0xe0000000                __PPB_segment_start__ = 0xe0000000
                0xe0100000                __PPB_segment_end__ = 0xe0100000
                0x00100000                __PPB_segment_size__ = 0x100000
                0xe0042000                __DBG_segment_start__ = 0xe0042000
                0xe0042010                __DBG_segment_end__ = 0xe0042010
                0x00000010                __DBG_segment_size__ = 0x10
                0x00000080                __HEAPSIZE__ = 0x80
                0x00000000                __STACKSIZE_ABT__ = 0x0
                0x00000000                __STACKSIZE_FIQ__ = 0x0
                0x00000000                __STACKSIZE_IRQ__ = 0x0
                0x00000000                __STACKSIZE_PROCESS__ = 0x0
                0x00000000                __STACKSIZE_SVC__ = 0x0
                0x00000000                __STACKSIZE_UND__ = 0x0
                0x00000100                __STACKSIZE__ = 0x100
                0x20000000                __vectors_ram_load_start__ = ALIGN (__RAM_segment_start__, 0x100)

.vectors_ram    0x20000000        0x0
                0x20000000                __vectors_ram_start__ = .
 *(.vectors_ram .vectors_ram.*)
                0x20000000                __vectors_ram_end__ = (__vectors_ram_start__ + SIZEOF (.vectors_ram))
                0x00000000                __vectors_ram_size__ = SIZEOF (.vectors_ram)
                0x20000000                __vectors_ram_load_end__ = __vectors_ram_end__
                0x00000001                . = ASSERT (((__vectors_ram_start__ == __vectors_ram_end__) || ((__vectors_ram_end__ >= __RAM_segment_start__) && (__vectors_ram_end__ <= __RAM_segment_end__))), error: .vectors_ram is too large to fit in RAM memory segment)
                0x08000000                __vectors_load_start__ = ALIGN (__FLASH_segment_start__, 0x100)

.vectors        0x08000000      0x184
                0x08000000                __vectors_start__ = .
 *(.vectors .vectors.*)
 .vectors       0x08000000      0x184 i2c_dma Configuration THUMB Debug/STM32_Startup.o
                0x08000000                _vectors
                0x08000184                __vectors_end__ = (__vectors_start__ + SIZEOF (.vectors))
                0x00000184                __vectors_size__ = SIZEOF (.vectors)
                0x08000184                __vectors_load_end__ = __vectors_end__
                0x00000001                . = ASSERT (((__vectors_start__ == __vectors_end__) || ((__vectors_end__ >= __FLASH_segment_start__) && (__vectors_end__ <= __FLASH_segment_end__))), error: .vectors is too large to fit in FLASH memory segment)
                0x08000184                __init_load_start__ = ALIGN (__vectors_end__, 0x4)

.init           0x08000184      0x22c
                0x08000184                __init_start__ = .
 *(.init .init.*)
 .init          0x08000184      0x158 i2c_dma Configuration THUMB Debug/thumb_crt0.o
                0x08000184                _start
                0x08000236                exit
 .init          0x080002dc       0xd4 i2c_dma Configuration THUMB Debug/STM32_Startup.o
                0x080002dc                NMI_Handler
                0x080002de                HardFault_Handler
                0x080002e0                MemManage_Handler
                0x080002e2                BusFault_Handler
                0x080002e4                UsageFault_Handler
                0x080002e6                SVC_Handler
                0x080002e8                DebugMon_Handler
                0x080002ea                PendSV_Handler
                0x080002ee                WWDG_IRQHandler
                0x080002f0                PVD_IRQHandler
                0x080002f2                TAMP_STAMP_IRQHandler
                0x080002f4                RTC_WKUP_IRQHandler
                0x080002f6                FLASH_IRQHandler
                0x080002f8                RCC_IRQHandler
                0x080002fa                EXTI0_IRQHandler
                0x080002fc                EXTI1_IRQHandler
                0x080002fe                EXTI2_IRQHandler
                0x08000300                EXTI3_IRQHandler
                0x08000302                EXTI4_IRQHandler
                0x08000304                DMA1_Stream0_IRQHandler
                0x08000306                DMA1_Stream1_IRQHandler
                0x0800030a                DMA1_Stream3_IRQHandler
                0x0800030c                DMA1_Stream4_IRQHandler
                0x0800030e                DMA1_Stream5_IRQHandler
                0x08000310                DMA1_Stream6_IRQHandler
                0x08000312                ADC_IRQHandler
                0x08000314                CAN1_TX_IRQHandler
                0x08000316                CAN1_RX0_IRQHandler
                0x08000318                CAN1_RX1_IRQHandler
                0x0800031a                CAN1_SCE_IRQHandler
                0x0800031c                EXTI9_5_IRQHandler
                0x0800031e                TIM1_BRK_TIM9_IRQHandler
                0x08000320                TIM1_UP_TIM10_IRQHandler
                0x08000322                TIM1_TRG_COM_TIM11_IRQHandler
                0x08000324                TIM1_CC_IRQHandler
                0x08000326                TIM2_IRQHandler
                0x08000328                TIM3_IRQHandler
                0x0800032a                TIM4_IRQHandler
                0x0800032c                I2C1_EV_IRQHandler
                0x0800032e                I2C1_ER_IRQHandler
                0x08000330                I2C2_EV_IRQHandler
                0x08000332                I2C2_ER_IRQHandler
                0x08000334                SPI1_IRQHandler
                0x08000336                SPI2_IRQHandler
                0x08000338                USART1_IRQHandler
                0x0800033a                USART2_IRQHandler
                0x0800033c                USART3_IRQHandler
                0x0800033e                EXTI15_10_IRQHandler
                0x08000340                RTC_Alarm_IRQHandler
                0x08000342                OTG_FS_WKUP_IRQHandler
                0x08000344                TIM8_BRK_TIM12_IRQHandler
                0x08000346                TIM8_UP_TIM13_IRQHandler
                0x08000348                TIM8_TRG_COM_TIM14_IRQHandler
                0x0800034a                TIM8_CC_IRQHandler
                0x0800034c                DMA1_Stream7_IRQHandler
                0x0800034e                FSMC_IRQHandler
                0x08000350                SDIO_IRQHandler
                0x08000352                TIM5_IRQHandler
                0x08000354                SPI3_IRQHandler
                0x08000356                UART4_IRQHandler
                0x08000358                UART5_IRQHandler
                0x0800035a                TIM6_DAC_IRQHandler
                0x0800035c                TIM7_IRQHandler
                0x0800035e                DMA2_Stream0_IRQHandler
                0x08000360                DMA2_Stream1_IRQHandler
                0x08000362                DMA2_Stream2_IRQHandler
                0x08000364                DMA2_Stream3_IRQHandler
                0x08000366                DMA2_Stream4_IRQHandler
                0x08000368                ETH_IRQHandler
                0x0800036a                ETH_WKUP_IRQHandler
                0x0800036c                CAN2_TX_IRQHandler
                0x0800036e                CAN2_RX0_IRQHandler
                0x08000370                CAN2_RX1_IRQHandler
                0x08000372                CAN2_SCE_IRQHandler
                0x08000374                OTG_FS_IRQHandler
                0x08000376                DMA2_Stream5_IRQHandler
                0x08000378                DMA2_Stream6_IRQHandler
                0x0800037a                DMA2_Stream7_IRQHandler
                0x0800037c                USART6_IRQHandler
                0x0800037e                I2C3_EV_IRQHandler
                0x08000380                I2C3_ER_IRQHandler
                0x08000382                OTG_HS_EP1_OUT_IRQHandler
                0x08000384                OTG_HS_EP1_IN_IRQHandler
                0x08000386                OTG_HS_WKUP_IRQHandler
                0x08000388                OTG_HS_IRQHandler
                0x0800038a                DCMI_IRQHandler
                0x0800038c                HASH_RNG_IRQHandler
                0x0800038e                reset_handler
                0x080003b0                __init_end__ = (__init_start__ + SIZEOF (.init))
                0x0000022c                __init_size__ = SIZEOF (.init)
                0x080003b0                __init_load_end__ = __init_end__
                0x00000001                . = ASSERT (((__init_start__ == __init_end__) || ((__init_end__ >= __FLASH_segment_start__) && (__init_end__ <= __FLASH_segment_end__))), error: .init is too large to fit in FLASH memory segment)
                0x080003b0                __init_rodata_load_start__ = ALIGN (__init_end__, 0x4)

.init_rodata    0x080003b0        0x0
                0x080003b0                __init_rodata_start__ = .
 *(.init_rodata .init_rodata.*)
                0x080003b0                __init_rodata_end__ = (__init_rodata_start__ + SIZEOF (.init_rodata))
                0x00000000                __init_rodata_size__ = SIZEOF (.init_rodata)
                0x080003b0                __init_rodata_load_end__ = __init_rodata_end__
                0x00000001                . = ASSERT (((__init_rodata_start__ == __init_rodata_end__) || ((__init_rodata_end__ >= __FLASH_segment_start__) && (__init_rodata_end__ <= __FLASH_segment_end__))), error: .init_rodata is too large to fit in FLASH memory segment)
                0x080003b0                __text_load_start__ = ALIGN (__init_rodata_end__, 0x4)

.text           0x080003b0     0x2228
                0x080003b0                __text_start__ = .
 *(.text .text.* .glue_7t .glue_7 .gnu.linkonce.t.* .gcc_except_table .ARM.extab* .gnu.linkonce.armextab.*)
 .glue_7        0x00000000        0x0 linker stubs
 .glue_7t       0x00000000        0x0 linker stubs
 .text.HAL_MspInit
                0x080003b0       0x18 i2c_dma Configuration THUMB Debug/stm32f2xx_hal_msp.o
                0x080003b0                HAL_MspInit
 .text.MX_DMA_Init
                0x080003c8       0x38 i2c_dma Configuration THUMB Debug/dma.o
                0x080003c8                MX_DMA_Init
 .text.main     0x08000400       0xf4 i2c_dma Configuration THUMB Debug/main.o
                0x08000400                main
 .text.SystemClock_Config
                0x080004f4       0x50 i2c_dma Configuration THUMB Debug/main.o
                0x080004f4                SystemClock_Config
 .text.MX_I2C3_Init
                0x08000544       0x50 i2c_dma Configuration THUMB Debug/i2c.o
                0x08000544                MX_I2C3_Init
 .text.HAL_I2C_MspInit
                0x08000594       0xf4 i2c_dma Configuration THUMB Debug/i2c.o
                0x08000594                HAL_I2C_MspInit
 .text.MX_GPIO_Init
                0x08000688       0x44 i2c_dma Configuration THUMB Debug/gpio.o
                0x08000688                MX_GPIO_Init
 .text.SysTick_Handler
                0x080006cc       0x10 i2c_dma Configuration THUMB Debug/stm32f2xx_it.o
                0x080006cc                SysTick_Handler
 .text.DMA1_Stream2_IRQHandler
                0x080006dc       0x10 i2c_dma Configuration THUMB Debug/stm32f2xx_it.o
                0x080006dc                DMA1_Stream2_IRQHandler
 .text.SystemInit
                0x080006ec       0x5c i2c_dma Configuration THUMB Debug/system_stm32f2xx.o
                0x080006ec                SystemInit
 .text.HAL_GPIO_Init
                0x08000748      0x338 i2c_dma Configuration THUMB Debug/stm32f2xx_hal_gpio.o
                0x08000748                HAL_GPIO_Init
 .text.HAL_RCC_OscConfig
                0x08000a80      0x4b8 i2c_dma Configuration THUMB Debug/stm32f2xx_hal_rcc.o
                0x08000a80                HAL_RCC_OscConfig
 .text.HAL_RCC_GetSysClockFreq
                0x08000f38      0x118 i2c_dma Configuration THUMB Debug/stm32f2xx_hal_rcc.o
                0x08000f38                HAL_RCC_GetSysClockFreq
 .text.HAL_RCC_GetHCLKFreq
                0x08001050       0x58 i2c_dma Configuration THUMB Debug/stm32f2xx_hal_rcc.o
                0x08001050                HAL_RCC_GetHCLKFreq
 .text.HAL_RCC_GetPCLK1Freq
                0x080010a8       0x4c i2c_dma Configuration THUMB Debug/stm32f2xx_hal_rcc.o
                0x080010a8                HAL_RCC_GetPCLK1Freq
 .text.HAL_Init
                0x080010f4       0x44 i2c_dma Configuration THUMB Debug/stm32f2xx_hal.o
                0x080010f4                HAL_Init
 .text.HAL_InitTick
                0x08001138       0x38 i2c_dma Configuration THUMB Debug/stm32f2xx_hal.o
                0x08001138                HAL_InitTick
 .text.HAL_IncTick
                0x08001170       0x1c i2c_dma Configuration THUMB Debug/stm32f2xx_hal.o
                0x08001170                HAL_IncTick
 .text.HAL_GetTick
                0x0800118c       0x18 i2c_dma Configuration THUMB Debug/stm32f2xx_hal.o
                0x0800118c                HAL_GetTick
 .text.HAL_Delay
                0x080011a4       0x2c i2c_dma Configuration THUMB Debug/stm32f2xx_hal.o
                0x080011a4                HAL_Delay
 .text.HAL_I2C_Init
                0x080011d0      0x1b4 i2c_dma Configuration THUMB Debug/stm32f2xx_hal_i2c.o
                0x080011d0                HAL_I2C_Init
 .text.HAL_I2C_Mem_Write
                0x08001384      0x164 i2c_dma Configuration THUMB Debug/stm32f2xx_hal_i2c.o
                0x08001384                HAL_I2C_Mem_Write
 .text.HAL_I2C_Mem_Read
                0x080014e8      0x2ec i2c_dma Configuration THUMB Debug/stm32f2xx_hal_i2c.o
                0x080014e8                HAL_I2C_Mem_Read
 .text.HAL_I2C_Mem_Read_DMA
                0x080017d4      0x164 i2c_dma Configuration THUMB Debug/stm32f2xx_hal_i2c.o
                0x080017d4                HAL_I2C_Mem_Read_DMA
 .text.HAL_I2C_MemRxCpltCallback
                0x08001938       0x14 i2c_dma Configuration THUMB Debug/stm32f2xx_hal_i2c.o
                0x08001938                HAL_I2C_MemRxCpltCallback
 .text.HAL_I2C_ErrorCallback
                0x0800194c       0x14 i2c_dma Configuration THUMB Debug/stm32f2xx_hal_i2c.o
                0x0800194c                HAL_I2C_ErrorCallback
 .text.I2C_RequestMemoryWrite
                0x08001960       0xec i2c_dma Configuration THUMB Debug/stm32f2xx_hal_i2c.o
 .text.I2C_RequestMemoryRead
                0x08001a4c      0x168 i2c_dma Configuration THUMB Debug/stm32f2xx_hal_i2c.o
 .text.I2C_DMAMemReceiveCplt
                0x08001bb4       0x78 i2c_dma Configuration THUMB Debug/stm32f2xx_hal_i2c.o
 .text.I2C_DMAError
                0x08001c2c       0x44 i2c_dma Configuration THUMB Debug/stm32f2xx_hal_i2c.o
 .text.I2C_WaitOnFlagUntilTimeout
                0x08001c70      0x114 i2c_dma Configuration THUMB Debug/stm32f2xx_hal_i2c.o
 .text.I2C_WaitOnMasterAddressFlagUntilTimeout
                0x08001d84       0xd8 i2c_dma Configuration THUMB Debug/stm32f2xx_hal_i2c.o
 .text.HAL_DMA_Init
                0x08001e5c       0xd8 i2c_dma Configuration THUMB Debug/stm32f2xx_hal_dma.o
                0x08001e5c                HAL_DMA_Init
 .text.HAL_DMA_Start_IT
                0x08001f34       0x84 i2c_dma Configuration THUMB Debug/stm32f2xx_hal_dma.o
                0x08001f34                HAL_DMA_Start_IT
 .text.HAL_DMA_IRQHandler
                0x08001fb8      0x2f4 i2c_dma Configuration THUMB Debug/stm32f2xx_hal_dma.o
                0x08001fb8                HAL_DMA_IRQHandler
 .text.DMA_SetConfig
                0x080022ac       0x5c i2c_dma Configuration THUMB Debug/stm32f2xx_hal_dma.o
 .text.DMA_CalcBaseAndBitshift
                0x08002308       0x6c i2c_dma Configuration THUMB Debug/stm32f2xx_hal_dma.o
 .text.NVIC_SetPriorityGrouping
                0x08002374       0x48 i2c_dma Configuration THUMB Debug/stm32f2xx_hal_cortex.o
 .text.NVIC_GetPriorityGrouping
                0x080023bc       0x1c i2c_dma Configuration THUMB Debug/stm32f2xx_hal_cortex.o
 .text.NVIC_EnableIRQ
                0x080023d8       0x30 i2c_dma Configuration THUMB Debug/stm32f2xx_hal_cortex.o
 .text.NVIC_SetPriority
                0x08002408       0x54 i2c_dma Configuration THUMB Debug/stm32f2xx_hal_cortex.o
 .text.NVIC_EncodePriority
                0x0800245c       0x68 i2c_dma Configuration THUMB Debug/stm32f2xx_hal_cortex.o
 .text.SysTick_Config
                0x080024c4       0x44 i2c_dma Configuration THUMB Debug/stm32f2xx_hal_cortex.o
 .text.HAL_NVIC_SetPriorityGrouping
                0x08002508       0x14 i2c_dma Configuration THUMB Debug/stm32f2xx_hal_cortex.o
                0x08002508                HAL_NVIC_SetPriorityGrouping
 .text.HAL_NVIC_SetPriority
                0x0800251c       0x38 i2c_dma Configuration THUMB Debug/stm32f2xx_hal_cortex.o
                0x0800251c                HAL_NVIC_SetPriority
 .text.HAL_NVIC_EnableIRQ
                0x08002554       0x1c i2c_dma Configuration THUMB Debug/stm32f2xx_hal_cortex.o
                0x08002554                HAL_NVIC_EnableIRQ
 .text.HAL_SYSTICK_Config
                0x08002570       0x18 i2c_dma Configuration THUMB Debug/stm32f2xx_hal_cortex.o
                0x08002570                HAL_SYSTICK_Config
 .text.HAL_SYSTICK_CLKSourceConfig
                0x08002588       0x38 i2c_dma Configuration THUMB Debug/stm32f2xx_hal_cortex.o
                0x08002588                HAL_SYSTICK_CLKSourceConfig
 .text.HAL_SYSTICK_IRQHandler
                0x080025c0        0xc i2c_dma Configuration THUMB Debug/stm32f2xx_hal_cortex.o
                0x080025c0                HAL_SYSTICK_IRQHandler
 .text.HAL_SYSTICK_Callback
                0x080025cc        0xc i2c_dma Configuration THUMB Debug/stm32f2xx_hal_cortex.o
                0x080025cc                HAL_SYSTICK_Callback
                0x080025d8                __text_end__ = (__text_start__ + SIZEOF (.text))
                0x00002228                __text_size__ = SIZEOF (.text)
                0x080025d8                __text_load_end__ = __text_end__

.vfp11_veneer   0x00000000        0x0
 .vfp11_veneer  0x00000000        0x0 linker stubs

.v4_bx          0x00000000        0x0
 .v4_bx         0x00000000        0x0 linker stubs

.iplt           0x00000000        0x0
 .iplt          0x00000000        0x0 i2c_dma Configuration THUMB Debug/stm32f2xx_hal_msp.o
                0x00000001                . = ASSERT (((__text_start__ == __text_end__) || ((__text_end__ >= __FLASH_segment_start__) && (__text_end__ <= __FLASH_segment_end__))), error: .text is too large to fit in FLASH memory segment)
                0x080025d8                __dtors_load_start__ = ALIGN (__text_end__, 0x4)

.dtors          0x080025d8        0x0
                0x080025d8                __dtors_start__ = .
 *(SORT(.dtors.*))
 *(.dtors)
 *(.fini_array)
 *(SORT(.fini_array.*))
                0x080025d8                __dtors_end__ = (__dtors_start__ + SIZEOF (.dtors))
                0x00000000                __dtors_size__ = SIZEOF (.dtors)
                0x080025d8                __dtors_load_end__ = __dtors_end__
                0x00000001                . = ASSERT (((__dtors_start__ == __dtors_end__) || ((__dtors_end__ >= __FLASH_segment_start__) && (__dtors_end__ <= __FLASH_segment_end__))), error: .dtors is too large to fit in FLASH memory segment)
                0x080025d8                __ctors_load_start__ = ALIGN (__dtors_end__, 0x4)

.ctors          0x080025d8        0x0
                0x080025d8                __ctors_start__ = .
 *(SORT(.ctors.*))
 *(.ctors)
 *(.init_array)
 *(SORT(.init_array.*))
                0x080025d8                __ctors_end__ = (__ctors_start__ + SIZEOF (.ctors))
                0x00000000                __ctors_size__ = SIZEOF (.ctors)
                0x080025d8                __ctors_load_end__ = __ctors_end__
                0x00000001                . = ASSERT (((__ctors_start__ == __ctors_end__) || ((__ctors_end__ >= __FLASH_segment_start__) && (__ctors_end__ <= __FLASH_segment_end__))), error: .ctors is too large to fit in FLASH memory segment)
                0x080025d8                __rodata_load_start__ = ALIGN (__ctors_end__, 0x4)

.rodata         0x080025d8       0x18
                0x080025d8                __rodata_start__ = .
 *(.rodata .rodata.* .gnu.linkonce.r.*)
 .rodata.APBAHBPrescTable
                0x080025d8       0x10 i2c_dma Configuration THUMB Debug/stm32f2xx_hal_rcc.o
                0x080025d8                APBAHBPrescTable
 .rodata.flagBitshiftOffset.5691
                0x080025e8        0x8 i2c_dma Configuration THUMB Debug/stm32f2xx_hal_dma.o
                0x080025f0                __rodata_end__ = (__rodata_start__ + SIZEOF (.rodata))
                0x00000018                __rodata_size__ = SIZEOF (.rodata)
                0x080025f0                __rodata_load_end__ = __rodata_end__

.rel.dyn        0x08000000        0x0
 .rel.iplt      0x00000000        0x0 i2c_dma Configuration THUMB Debug/stm32f2xx_hal_msp.o
                0x00000001                . = ASSERT (((__rodata_start__ == __rodata_end__) || ((__rodata_end__ >= __FLASH_segment_start__) && (__rodata_end__ <= __FLASH_segment_end__))), error: .rodata is too large to fit in FLASH memory segment)
                0x080025f0                __ARM.exidx_load_start__ = ALIGN (__rodata_end__, 0x4)

.ARM.exidx      0x080025f0        0x0
                0x080025f0                __ARM.exidx_start__ = .
                0x080025f0                __exidx_start = __ARM.exidx_start__
 *(.ARM.exidx .ARM.exidx.*)
                0x080025f0                __ARM.exidx_end__ = (__ARM.exidx_start__ + SIZEOF (.ARM.exidx))
                0x00000000                __ARM.exidx_size__ = SIZEOF (.ARM.exidx)
                0x080025f0                __exidx_end = __ARM.exidx_end__
                0x080025f0                __ARM.exidx_load_end__ = __ARM.exidx_end__
                0x00000001                . = ASSERT (((__ARM.exidx_start__ == __ARM.exidx_end__) || ((__ARM.exidx_end__ >= __FLASH_segment_start__) && (__ARM.exidx_end__ <= __FLASH_segment_end__))), error: .ARM.exidx is too large to fit in FLASH memory segment)
                0x080025f0                __fast_load_start__ = ALIGN (__ARM.exidx_end__, 0x4)

.fast           0x20000000        0x0 load address 0x080025f0
                0x20000000                __fast_start__ = .
 *(.fast .fast.*)
                0x20000000                __fast_end__ = (__fast_start__ + SIZEOF (.fast))
                0x00000000                __fast_size__ = SIZEOF (.fast)
                0x080025f0                __fast_load_end__ = (__fast_load_start__ + SIZEOF (.fast))
                0x00000001                . = ASSERT (((__fast_load_start__ == __fast_load_end__) || ((__fast_load_end__ >= __FLASH_segment_start__) && (__fast_load_end__ <= __FLASH_segment_end__))), error: .fast is too large to fit in FLASH memory segment)

.fast_run       0x20000000        0x0
                0x20000000                __fast_run_start__ = .
                0x20000000                . = MAX ((__fast_run_start__ + SIZEOF (.fast)), .)
                0x20000000                __fast_run_end__ = (__fast_run_start__ + SIZEOF (.fast_run))
                0x00000000                __fast_run_size__ = SIZEOF (.fast_run)
                0x20000000                __fast_run_load_end__ = __fast_run_end__
                0x00000001                . = ASSERT (((__fast_run_start__ == __fast_run_end__) || ((__fast_run_end__ >= __RAM_segment_start__) && (__fast_run_end__ <= __RAM_segment_end__))), error: .fast_run is too large to fit in RAM memory segment)
                0x080025f0                __data_load_start__ = ALIGN ((__fast_load_start__ + SIZEOF (.fast)), 0x4)

.data           0x20000000        0x4 load address 0x080025f0
                0x20000000                __data_start__ = .
 *(.data .data.* .gnu.linkonce.d.*)
 .data.SystemCoreClock
                0x20000000        0x4 i2c_dma Configuration THUMB Debug/system_stm32f2xx.o
                0x20000000                SystemCoreClock
                0x20000004                __data_end__ = (__data_start__ + SIZEOF (.data))
                0x00000004                __data_size__ = SIZEOF (.data)
                0x080025f4                __data_load_end__ = (__data_load_start__ + SIZEOF (.data))

.igot.plt       0x00000000        0x0
 .igot.plt      0x00000000        0x0 i2c_dma Configuration THUMB Debug/stm32f2xx_hal_msp.o
                0x00000001                . = ASSERT (((__data_load_start__ == __data_load_end__) || ((__data_load_end__ >= __FLASH_segment_start__) && (__data_load_end__ <= __FLASH_segment_end__))), error: .data is too large to fit in FLASH memory segment)

.data_run       0x20000000        0x4 load address 0x080025f0
                0x20000000                __data_run_start__ = .
                0x20000004                . = MAX ((__data_run_start__ + SIZEOF (.data)), .)
 *fill*         0x20000000        0x4 
                0x20000004                __data_run_end__ = (__data_run_start__ + SIZEOF (.data_run))
                0x00000004                __data_run_size__ = SIZEOF (.data_run)
                0x20000004                __data_run_load_end__ = __data_run_end__
                0x00000001                . = ASSERT (((__data_run_start__ == __data_run_end__) || ((__data_run_end__ >= __RAM_segment_start__) && (__data_run_end__ <= __RAM_segment_end__))), error: .data_run is too large to fit in RAM memory segment)
                0x080025f4                __tdata_load_start__ = ALIGN ((__data_load_start__ + SIZEOF (.data)), 0x4)

.tdata          0x20000004        0x0 load address 0x080025f4
                0x20000004                __tdata_start__ = .
 *(.tdata .tdata.*)
                0x20000004                __tdata_end__ = (__tdata_start__ + SIZEOF (.tdata))
                0x00000000                __tdata_size__ = SIZEOF (.tdata)
                0x080025f4                __tdata_load_end__ = (__tdata_load_start__ + SIZEOF (.tdata))
                0x080025f4                __FLASH_segment_used_end__ = (ALIGN ((__data_load_start__ + SIZEOF (.data)), 0x4) + SIZEOF (.tdata))
                0x000025f4                __FLASH_segment_used_size__ = (__FLASH_segment_used_end__ - __FLASH_segment_start__)
                0x00000001                . = ASSERT (((__tdata_load_start__ == __tdata_load_end__) || ((__tdata_load_end__ >= __FLASH_segment_start__) && (__tdata_load_end__ <= __FLASH_segment_end__))), error: .tdata is too large to fit in FLASH memory segment)

.tdata_run      0x20000004        0x0
                0x20000004                __tdata_run_start__ = .
                0x20000004                . = MAX ((__tdata_run_start__ + SIZEOF (.tdata)), .)
                0x20000004                __tdata_run_end__ = (__tdata_run_start__ + SIZEOF (.tdata_run))
                0x00000000                __tdata_run_size__ = SIZEOF (.tdata_run)
                0x20000004                __tdata_run_load_end__ = __tdata_run_end__
                0x00000001                . = ASSERT (((__tdata_run_start__ == __tdata_run_end__) || ((__tdata_run_end__ >= __RAM_segment_start__) && (__tdata_run_end__ <= __RAM_segment_end__))), error: .tdata_run is too large to fit in RAM memory segment)
                0x20000004                __bss_load_start__ = ALIGN (__tdata_run_end__, 0x4)

.bss            0x20000004       0xcc
                0x20000004                __bss_start__ = .
 *(.bss .bss.* .gnu.linkonce.b.*)
 .bss.accel_data
                0x20000004       0x18 i2c_dma Configuration THUMB Debug/main.o
                0x20000004                accel_data
 .bss.gyro_data
                0x2000001c       0x18 i2c_dma Configuration THUMB Debug/main.o
                0x2000001c                gyro_data
 .bss.status    0x20000034        0x1 i2c_dma Configuration THUMB Debug/main.o
                0x20000034                status
 *fill*         0x20000035        0x3 
 .bss.hi2c3     0x20000038       0x3c i2c_dma Configuration THUMB Debug/i2c.o
                0x20000038                hi2c3
 .bss.hdma_i2c3_rx
                0x20000074       0x58 i2c_dma Configuration THUMB Debug/i2c.o
                0x20000074                hdma_i2c3_rx
 .bss.uwTick    0x200000cc        0x4 i2c_dma Configuration THUMB Debug/stm32f2xx_hal.o
 *(COMMON)
                0x200000d0                __bss_end__ = (__bss_start__ + SIZEOF (.bss))
                0x000000cc                __bss_size__ = SIZEOF (.bss)
                0x200000d0                __bss_load_end__ = __bss_end__
                0x00000001                . = ASSERT (((__bss_start__ == __bss_end__) || ((__bss_end__ >= __RAM_segment_start__) && (__bss_end__ <= __RAM_segment_end__))), error: .bss is too large to fit in RAM memory segment)
                0x200000d0                __tbss_load_start__ = ALIGN (__bss_end__, 0x4)

.tbss           0x200000d0        0x0
                0x200000d0                __tbss_start__ = .
 *(.tbss .tbss.*)
                0x200000d0                __tbss_end__ = (__tbss_start__ + SIZEOF (.tbss))
                0x00000000                __tbss_size__ = SIZEOF (.tbss)
                0x200000d0                __tbss_load_end__ = __tbss_end__
                0x00000001                . = ASSERT (((__tbss_start__ == __tbss_end__) || ((__tbss_end__ >= __RAM_segment_start__) && (__tbss_end__ <= __RAM_segment_end__))), error: .tbss is too large to fit in RAM memory segment)
                0x200000d0                __non_init_load_start__ = ALIGN (__tbss_end__, 0x4)

.non_init       0x200000d0        0x0
                0x200000d0                __non_init_start__ = .
 *(.non_init .non_init.*)
                0x200000d0                __non_init_end__ = (__non_init_start__ + SIZEOF (.non_init))
                0x00000000                __non_init_size__ = SIZEOF (.non_init)
                0x200000d0                __non_init_load_end__ = __non_init_end__
                0x00000001                . = ASSERT (((__non_init_start__ == __non_init_end__) || ((__non_init_end__ >= __RAM_segment_start__) && (__non_init_end__ <= __RAM_segment_end__))), error: .non_init is too large to fit in RAM memory segment)
                0x200000d0                __heap_load_start__ = ALIGN (__non_init_end__, 0x4)

.heap           0x200000d0       0x80
                0x200000d0                __heap_start__ = .
 *(.heap .heap.*)
                0x20000150                . = ALIGN (MAX ((__heap_start__ + __HEAPSIZE__), .), 0x4)
 *fill*         0x200000d0       0x80 
                0x20000150                __heap_end__ = (__heap_start__ + SIZEOF (.heap))
                0x00000080                __heap_size__ = SIZEOF (.heap)
                0x20000150                __heap_load_end__ = __heap_end__
                0x00000001                . = ASSERT (((__heap_start__ == __heap_end__) || ((__heap_end__ >= __RAM_segment_start__) && (__heap_end__ <= __RAM_segment_end__))), error: .heap is too large to fit in RAM memory segment)
                0x20000150                __stack_load_start__ = ALIGN (__heap_end__, 0x8)

.stack          0x20000150      0x100
                0x20000150                __stack_start__ = .
 *(.stack .stack.*)
                0x20000250                . = ALIGN (MAX ((__stack_start__ + __STACKSIZE__), .), 0x8)
 *fill*         0x20000150      0x100 
                0x20000250                __stack_end__ = (__stack_start__ + SIZEOF (.stack))
                0x00000100                __stack_size__ = SIZEOF (.stack)
                0x20000250                __stack_load_end__ = __stack_end__
                0x00000001                . = ASSERT (((__stack_start__ == __stack_end__) || ((__stack_end__ >= __RAM_segment_start__) && (__stack_end__ <= __RAM_segment_end__))), error: .stack is too large to fit in RAM memory segment)
                0x20000250                __stack_process_load_start__ = ALIGN (__stack_end__, 0x8)

.stack_process  0x20000250        0x0
                0x20000250                __stack_process_start__ = .
 *(.stack_process .stack_process.*)
                0x20000250                . = ALIGN (MAX ((__stack_process_start__ + __STACKSIZE_PROCESS__), .), 0x8)
                0x20000250                __stack_process_end__ = (__stack_process_start__ + SIZEOF (.stack_process))
                0x00000000                __stack_process_size__ = SIZEOF (.stack_process)
                0x20000250                __stack_process_load_end__ = __stack_process_end__
                0x20000250                __RAM_segment_used_end__ = (ALIGN (__stack_end__, 0x8) + SIZEOF (.stack_process))
                0x00000250                __RAM_segment_used_size__ = (__RAM_segment_used_end__ - __RAM_segment_start__)
                0x00000001                . = ASSERT (((__stack_process_start__ == __stack_process_end__) || ((__stack_process_end__ >= __RAM_segment_start__) && (__stack_process_end__ <= __RAM_segment_end__))), error: .stack_process is too large to fit in RAM memory segment)
START GROUP
LOAD i2c_dma Configuration THUMB Debug/stm32f2xx_hal_msp.o
LOAD i2c_dma Configuration THUMB Debug/dma.o
LOAD i2c_dma Configuration THUMB Debug/main.o
LOAD i2c_dma Configuration THUMB Debug/i2c.o
LOAD i2c_dma Configuration THUMB Debug/gpio.o
LOAD i2c_dma Configuration THUMB Debug/stm32f2xx_it.o
LOAD i2c_dma Configuration THUMB Debug/system_stm32f2xx.o
LOAD i2c_dma Configuration THUMB Debug/stm32f2xx_hal_pwr.o
LOAD i2c_dma Configuration THUMB Debug/stm32f2xx_hal_gpio.o
LOAD i2c_dma Configuration THUMB Debug/stm32f2xx_hal_rcc_ex.o
LOAD i2c_dma Configuration THUMB Debug/stm32f2xx_hal_flash_ex.o
LOAD i2c_dma Configuration THUMB Debug/stm32f2xx_hal_dma_ex.o
LOAD i2c_dma Configuration THUMB Debug/stm32f2xx_hal_rcc.o
LOAD i2c_dma Configuration THUMB Debug/stm32f2xx_hal.o
LOAD i2c_dma Configuration THUMB Debug/stm32f2xx_hal_i2c.o
LOAD i2c_dma Configuration THUMB Debug/stm32f2xx_hal_flash.o
LOAD i2c_dma Configuration THUMB Debug/stm32f2xx_hal_dma.o
LOAD i2c_dma Configuration THUMB Debug/stm32f2xx_hal_pwr_ex.o
LOAD i2c_dma Configuration THUMB Debug/stm32f2xx_hal_cortex.o
LOAD i2c_dma Configuration THUMB Debug/thumb_crt0.o
LOAD i2c_dma Configuration THUMB Debug/STM32_Startup.o
LOAD C:/Program Files (x86)/Rowley Associates Limited/CrossWorks for ARM 3.5/lib/libcm_v7m_t_le_eabi.a
LOAD C:/Program Files (x86)/Rowley Associates Limited/CrossWorks for ARM 3.5/lib/libdebugio_mempoll_v7m_t_le_eabi.a
LOAD C:/Program Files (x86)/Rowley Associates Limited/CrossWorks for ARM 3.5/lib/libm_v7m_t_le_eabi.a
LOAD C:/Program Files (x86)/Rowley Associates Limited/CrossWorks for ARM 3.5/lib/libc_v7m_t_le_eabi.a
LOAD C:/Program Files (x86)/Rowley Associates Limited/CrossWorks for ARM 3.5/lib/libcpp_v7m_t_le_eabi.a
LOAD C:/Program Files (x86)/Rowley Associates Limited/CrossWorks for ARM 3.5/lib/libdebugio_v7m_t_le_eabi.a
LOAD C:/Program Files (x86)/Rowley Associates Limited/CrossWorks for ARM 3.5/lib/libvfprintf_v7m_t_le_eabi.o
LOAD C:/Program Files (x86)/Rowley Associates Limited/CrossWorks for ARM 3.5/lib/libvfscanf_v7m_t_le_eabi.o
END GROUP
OUTPUT(i2c_dma Configuration THUMB Debug/i2c_dma Configuration.elf elf32-littlearm)

.debug_frame    0x00000000     0x228c
 .debug_frame   0x00000000       0x34 i2c_dma Configuration THUMB Debug/stm32f2xx_hal_msp.o
 .debug_frame   0x00000034       0x48 i2c_dma Configuration THUMB Debug/dma.o
 .debug_frame   0x0000007c       0x74 i2c_dma Configuration THUMB Debug/main.o
 .debug_frame   0x000000f0       0xa4 i2c_dma Configuration THUMB Debug/i2c.o
 .debug_frame   0x00000194       0x50 i2c_dma Configuration THUMB Debug/gpio.o
 .debug_frame   0x000001e4       0x58 i2c_dma Configuration THUMB Debug/stm32f2xx_it.o
 .debug_frame   0x0000023c       0x80 i2c_dma Configuration THUMB Debug/system_stm32f2xx.o
 .debug_frame   0x000002bc      0x208 i2c_dma Configuration THUMB Debug/stm32f2xx_hal_gpio.o
 .debug_frame   0x000004c4      0x304 i2c_dma Configuration THUMB Debug/stm32f2xx_hal_rcc.o
 .debug_frame   0x000007c8      0x418 i2c_dma Configuration THUMB Debug/stm32f2xx_hal.o
 .debug_frame   0x00000be0      0xd70 i2c_dma Configuration THUMB Debug/stm32f2xx_hal_i2c.o
 .debug_frame   0x00001950      0x298 i2c_dma Configuration THUMB Debug/stm32f2xx_hal_dma.o
 .debug_frame   0x00001be8      0x6a4 i2c_dma Configuration THUMB Debug/stm32f2xx_hal_cortex.o

.debug_info     0x00000000     0x6d87
 .debug_info    0x00000000      0x2d8 i2c_dma Configuration THUMB Debug/stm32f2xx_hal_msp.o
 .debug_info    0x000002d8      0x4a5 i2c_dma Configuration THUMB Debug/dma.o
 .debug_info    0x0000077d      0x8f4 i2c_dma Configuration THUMB Debug/main.o
 .debug_info    0x00001071      0x833 i2c_dma Configuration THUMB Debug/i2c.o
 .debug_info    0x000018a4      0x298 i2c_dma Configuration THUMB Debug/gpio.o
 .debug_info    0x00001b3c      0x31a i2c_dma Configuration THUMB Debug/stm32f2xx_it.o
 .debug_info    0x00001e56      0x47c i2c_dma Configuration THUMB Debug/system_stm32f2xx.o
 .debug_info    0x000022d2      0x6c9 i2c_dma Configuration THUMB Debug/stm32f2xx_hal_gpio.o
 .debug_info    0x0000299b      0xdd1 i2c_dma Configuration THUMB Debug/stm32f2xx_hal_rcc.o
 .debug_info    0x0000376c      0x8a9 i2c_dma Configuration THUMB Debug/stm32f2xx_hal.o
 .debug_info    0x00004015     0x1851 i2c_dma Configuration THUMB Debug/stm32f2xx_hal_i2c.o
 .debug_info    0x00005866      0x6c6 i2c_dma Configuration THUMB Debug/stm32f2xx_hal_dma.o
 .debug_info    0x00005f2c      0xcc0 i2c_dma Configuration THUMB Debug/stm32f2xx_hal_cortex.o
 .debug_info    0x00006bec       0xbd i2c_dma Configuration THUMB Debug/thumb_crt0.o
 .debug_info    0x00006ca9       0xde i2c_dma Configuration THUMB Debug/STM32_Startup.o

.debug_abbrev   0x00000000     0x1434
 .debug_abbrev  0x00000000       0x80 i2c_dma Configuration THUMB Debug/stm32f2xx_hal_msp.o
 .debug_abbrev  0x00000080       0xe4 i2c_dma Configuration THUMB Debug/dma.o
 .debug_abbrev  0x00000164      0x182 i2c_dma Configuration THUMB Debug/main.o
 .debug_abbrev  0x000002e6      0x176 i2c_dma Configuration THUMB Debug/i2c.o
 .debug_abbrev  0x0000045c       0xd9 i2c_dma Configuration THUMB Debug/gpio.o
 .debug_abbrev  0x00000535      0x114 i2c_dma Configuration THUMB Debug/stm32f2xx_it.o
 .debug_abbrev  0x00000649      0x104 i2c_dma Configuration THUMB Debug/system_stm32f2xx.o
 .debug_abbrev  0x0000074d      0x1ad i2c_dma Configuration THUMB Debug/stm32f2xx_hal_gpio.o
 .debug_abbrev  0x000008fa      0x25d i2c_dma Configuration THUMB Debug/stm32f2xx_hal_rcc.o
 .debug_abbrev  0x00000b57      0x202 i2c_dma Configuration THUMB Debug/stm32f2xx_hal.o
 .debug_abbrev  0x00000d59      0x1ed i2c_dma Configuration THUMB Debug/stm32f2xx_hal_i2c.o
 .debug_abbrev  0x00000f46      0x207 i2c_dma Configuration THUMB Debug/stm32f2xx_hal_dma.o
 .debug_abbrev  0x0000114d      0x2c1 i2c_dma Configuration THUMB Debug/stm32f2xx_hal_cortex.o
 .debug_abbrev  0x0000140e       0x12 i2c_dma Configuration THUMB Debug/thumb_crt0.o
 .debug_abbrev  0x00001420       0x14 i2c_dma Configuration THUMB Debug/STM32_Startup.o

.debug_aranges  0x00000000      0x6d0
 .debug_aranges
                0x00000000       0x20 i2c_dma Configuration THUMB Debug/stm32f2xx_hal_msp.o
 .debug_aranges
                0x00000020       0x20 i2c_dma Configuration THUMB Debug/dma.o
 .debug_aranges
                0x00000040       0x28 i2c_dma Configuration THUMB Debug/main.o
 .debug_aranges
                0x00000068       0x30 i2c_dma Configuration THUMB Debug/i2c.o
 .debug_aranges
                0x00000098       0x20 i2c_dma Configuration THUMB Debug/gpio.o
 .debug_aranges
                0x000000b8       0x28 i2c_dma Configuration THUMB Debug/stm32f2xx_it.o
 .debug_aranges
                0x000000e0       0x28 i2c_dma Configuration THUMB Debug/system_stm32f2xx.o
 .debug_aranges
                0x00000108       0x58 i2c_dma Configuration THUMB Debug/stm32f2xx_hal_gpio.o
 .debug_aranges
                0x00000160       0x88 i2c_dma Configuration THUMB Debug/stm32f2xx_hal_rcc.o
 .debug_aranges
                0x000001e8       0xc0 i2c_dma Configuration THUMB Debug/stm32f2xx_hal.o
 .debug_aranges
                0x000002a8      0x1e8 i2c_dma Configuration THUMB Debug/stm32f2xx_hal_i2c.o
 .debug_aranges
                0x00000490       0x70 i2c_dma Configuration THUMB Debug/stm32f2xx_hal_dma.o
 .debug_aranges
                0x00000500      0x108 i2c_dma Configuration THUMB Debug/stm32f2xx_hal_cortex.o
 .debug_aranges
                0x00000608       0xa8 i2c_dma Configuration THUMB Debug/thumb_crt0.o
 .debug_aranges
                0x000006b0       0x20 i2c_dma Configuration THUMB Debug/STM32_Startup.o

.debug_ranges   0x00000000      0x5d8
 .debug_ranges  0x00000000       0x10 i2c_dma Configuration THUMB Debug/stm32f2xx_hal_msp.o
 .debug_ranges  0x00000010       0x10 i2c_dma Configuration THUMB Debug/dma.o
 .debug_ranges  0x00000020       0x18 i2c_dma Configuration THUMB Debug/main.o
 .debug_ranges  0x00000038       0x20 i2c_dma Configuration THUMB Debug/i2c.o
 .debug_ranges  0x00000058       0x10 i2c_dma Configuration THUMB Debug/gpio.o
 .debug_ranges  0x00000068       0x18 i2c_dma Configuration THUMB Debug/stm32f2xx_it.o
 .debug_ranges  0x00000080       0x18 i2c_dma Configuration THUMB Debug/system_stm32f2xx.o
 .debug_ranges  0x00000098       0x48 i2c_dma Configuration THUMB Debug/stm32f2xx_hal_gpio.o
 .debug_ranges  0x000000e0       0x78 i2c_dma Configuration THUMB Debug/stm32f2xx_hal_rcc.o
 .debug_ranges  0x00000158       0xb0 i2c_dma Configuration THUMB Debug/stm32f2xx_hal.o
 .debug_ranges  0x00000208      0x1d8 i2c_dma Configuration THUMB Debug/stm32f2xx_hal_i2c.o
 .debug_ranges  0x000003e0       0x60 i2c_dma Configuration THUMB Debug/stm32f2xx_hal_dma.o
 .debug_ranges  0x00000440       0xf8 i2c_dma Configuration THUMB Debug/stm32f2xx_hal_cortex.o
 .debug_ranges  0x00000538       0xa0 i2c_dma Configuration THUMB Debug/thumb_crt0.o

.debug_macro    0x00000000    0x10eee
 .debug_macro   0x00000000      0x15c i2c_dma Configuration THUMB Debug/stm32f2xx_hal_msp.o
 .debug_macro   0x0000015c      0x8b6 i2c_dma Configuration THUMB Debug/stm32f2xx_hal_msp.o
 .debug_macro   0x00000a12      0x19b i2c_dma Configuration THUMB Debug/stm32f2xx_hal_msp.o
 .debug_macro   0x00000bad       0x2e i2c_dma Configuration THUMB Debug/stm32f2xx_hal_msp.o
 .debug_macro   0x00000bdb       0x22 i2c_dma Configuration THUMB Debug/stm32f2xx_hal_msp.o
 .debug_macro   0x00000bfd       0x3a i2c_dma Configuration THUMB Debug/stm32f2xx_hal_msp.o
 .debug_macro   0x00000c37      0x188 i2c_dma Configuration THUMB Debug/stm32f2xx_hal_msp.o
 .debug_macro   0x00000dbf       0x2d i2c_dma Configuration THUMB Debug/stm32f2xx_hal_msp.o
 .debug_macro   0x00000dec      0xbb1 i2c_dma Configuration THUMB Debug/stm32f2xx_hal_msp.o
 .debug_macro   0x0000199d     0x90e2 i2c_dma Configuration THUMB Debug/stm32f2xx_hal_msp.o
 .debug_macro   0x0000aa7f       0x43 i2c_dma Configuration THUMB Debug/stm32f2xx_hal_msp.o
 .debug_macro   0x0000aac2     0x31ee i2c_dma Configuration THUMB Debug/stm32f2xx_hal_msp.o
 .debug_macro   0x0000dcb0       0x89 i2c_dma Configuration THUMB Debug/stm32f2xx_hal_msp.o
 .debug_macro   0x0000dd39       0x55 i2c_dma Configuration THUMB Debug/stm32f2xx_hal_msp.o
 .debug_macro   0x0000dd8e       0x57 i2c_dma Configuration THUMB Debug/stm32f2xx_hal_msp.o
 .debug_macro   0x0000dde5      0xd4e i2c_dma Configuration THUMB Debug/stm32f2xx_hal_msp.o
 .debug_macro   0x0000eb33      0x100 i2c_dma Configuration THUMB Debug/stm32f2xx_hal_msp.o
 .debug_macro   0x0000ec33      0x169 i2c_dma Configuration THUMB Debug/stm32f2xx_hal_msp.o
 .debug_macro   0x0000ed9c      0x11e i2c_dma Configuration THUMB Debug/stm32f2xx_hal_msp.o
 .debug_macro   0x0000eeba      0x110 i2c_dma Configuration THUMB Debug/stm32f2xx_hal_msp.o
 .debug_macro   0x0000efca       0x27 i2c_dma Configuration THUMB Debug/stm32f2xx_hal_msp.o
 .debug_macro   0x0000eff1      0x272 i2c_dma Configuration THUMB Debug/stm32f2xx_hal_msp.o
 .debug_macro   0x0000f263       0x5f i2c_dma Configuration THUMB Debug/stm32f2xx_hal_msp.o
 .debug_macro   0x0000f2c2      0x241 i2c_dma Configuration THUMB Debug/stm32f2xx_hal_msp.o
 .debug_macro   0x0000f503      0x12d i2c_dma Configuration THUMB Debug/stm32f2xx_hal_msp.o
 .debug_macro   0x0000f630      0x21c i2c_dma Configuration THUMB Debug/stm32f2xx_hal_msp.o
 .debug_macro   0x0000f84c       0x2e i2c_dma Configuration THUMB Debug/stm32f2xx_hal_msp.o
 .debug_macro   0x0000f87a      0x217 i2c_dma Configuration THUMB Debug/stm32f2xx_hal_msp.o
 .debug_macro   0x0000fa91      0x117 i2c_dma Configuration THUMB Debug/stm32f2xx_hal_msp.o
 .debug_macro   0x0000fba8       0x22 i2c_dma Configuration THUMB Debug/stm32f2xx_hal_msp.o
 .debug_macro   0x0000fbca       0x82 i2c_dma Configuration THUMB Debug/stm32f2xx_hal_msp.o
 .debug_macro   0x0000fc4c      0x125 i2c_dma Configuration THUMB Debug/stm32f2xx_hal_msp.o
 .debug_macro   0x0000fd71      0x166 i2c_dma Configuration THUMB Debug/dma.o
 .debug_macro   0x0000fed7      0x17a i2c_dma Configuration THUMB Debug/main.o
 .debug_macro   0x00010051      0x17a i2c_dma Configuration THUMB Debug/i2c.o
 .debug_macro   0x000101cb      0x166 i2c_dma Configuration THUMB Debug/gpio.o
 .debug_macro   0x00010331      0x166 i2c_dma Configuration THUMB Debug/stm32f2xx_it.o
 .debug_macro   0x00010497      0x162 i2c_dma Configuration THUMB Debug/system_stm32f2xx.o
 .debug_macro   0x000105f9      0x194 i2c_dma Configuration THUMB Debug/stm32f2xx_hal_gpio.o
 .debug_macro   0x0001078d      0x186 i2c_dma Configuration THUMB Debug/stm32f2xx_hal_rcc.o
 .debug_macro   0x00010913      0x1aa i2c_dma Configuration THUMB Debug/stm32f2xx_hal.o
 .debug_macro   0x00010abd      0x172 i2c_dma Configuration THUMB Debug/stm32f2xx_hal_i2c.o
 .debug_macro   0x00010c2f      0x163 i2c_dma Configuration THUMB Debug/stm32f2xx_hal_dma.o
 .debug_macro   0x00010d92      0x15c i2c_dma Configuration THUMB Debug/stm32f2xx_hal_cortex.o

.debug_line     0x00000000     0x5142
 .debug_line    0x00000000      0x3fb i2c_dma Configuration THUMB Debug/stm32f2xx_hal_msp.o
 .debug_line    0x000003fb      0x3f7 i2c_dma Configuration THUMB Debug/dma.o
 .debug_line    0x000007f2      0x44d i2c_dma Configuration THUMB Debug/main.o
 .debug_line    0x00000c3f      0x457 i2c_dma Configuration THUMB Debug/i2c.o
 .debug_line    0x00001096      0x3f8 i2c_dma Configuration THUMB Debug/gpio.o
 .debug_line    0x0000148e      0x41a i2c_dma Configuration THUMB Debug/stm32f2xx_it.o
 .debug_line    0x000018a8      0x455 i2c_dma Configuration THUMB Debug/system_stm32f2xx.o
 .debug_line    0x00001cfd      0x5ff i2c_dma Configuration THUMB Debug/stm32f2xx_hal_gpio.o
 .debug_line    0x000022fc      0x756 i2c_dma Configuration THUMB Debug/stm32f2xx_hal_rcc.o
 .debug_line    0x00002a52      0x5b6 i2c_dma Configuration THUMB Debug/stm32f2xx_hal.o
 .debug_line    0x00003008     0x10e5 i2c_dma Configuration THUMB Debug/stm32f2xx_hal_i2c.o
 .debug_line    0x000040ed      0x5ea i2c_dma Configuration THUMB Debug/stm32f2xx_hal_dma.o
 .debug_line    0x000046d7      0x6fd i2c_dma Configuration THUMB Debug/stm32f2xx_hal_cortex.o
 .debug_line    0x00004dd4      0x240 i2c_dma Configuration THUMB Debug/thumb_crt0.o
 .debug_line    0x00005014      0x12e i2c_dma Configuration THUMB Debug/STM32_Startup.o

.debug_str      0x00000000    0x6c445
 .debug_str     0x00000000    0x6a37b i2c_dma Configuration THUMB Debug/stm32f2xx_hal_msp.o
                              0x6a4b0 (size before relaxing)
 .debug_str     0x0006a37b      0x15d i2c_dma Configuration THUMB Debug/dma.o
                              0x6a5ae (size before relaxing)
 .debug_str     0x0006a4d8      0x5c8 i2c_dma Configuration THUMB Debug/main.o
                              0x6aa54 (size before relaxing)
 .debug_str     0x0006aaa0       0xed i2c_dma Configuration THUMB Debug/i2c.o
                              0x6a5e9 (size before relaxing)
 .debug_str     0x0006ab8d       0x58 i2c_dma Configuration THUMB Debug/gpio.o
                              0x6a0c7 (size before relaxing)
 .debug_str     0x0006abe5       0x8d i2c_dma Configuration THUMB Debug/stm32f2xx_it.o
                              0x6a2a9 (size before relaxing)
 .debug_str     0x0006ac72      0x13b i2c_dma Configuration THUMB Debug/system_stm32f2xx.o
                              0x6a1af (size before relaxing)
 .debug_str     0x0006adad      0x2bd i2c_dma Configuration THUMB Debug/stm32f2xx_hal_gpio.o
                              0x6a3f3 (size before relaxing)
 .debug_str     0x0006b06a      0x351 i2c_dma Configuration THUMB Debug/stm32f2xx_hal_rcc.o
                              0x6a570 (size before relaxing)
 .debug_str     0x0006b3bb      0x480 i2c_dma Configuration THUMB Debug/stm32f2xx_hal.o
                              0x6ab2c (size before relaxing)
 .debug_str     0x0006b83b      0x64d i2c_dma Configuration THUMB Debug/stm32f2xx_hal_i2c.o
                              0x6aaaf (size before relaxing)
 .debug_str     0x0006be88      0x1fb i2c_dma Configuration THUMB Debug/stm32f2xx_hal_dma.o
                              0x6a476 (size before relaxing)
 .debug_str     0x0006c083      0x3c2 i2c_dma Configuration THUMB Debug/stm32f2xx_hal_cortex.o
                              0x6a9d2 (size before relaxing)

.comment        0x00000000       0x4e
 .comment       0x00000000       0x4e i2c_dma Configuration THUMB Debug/stm32f2xx_hal_msp.o
                                 0x4f (size before relaxing)
 .comment       0x00000000       0x4f i2c_dma Configuration THUMB Debug/dma.o
 .comment       0x00000000       0x4f i2c_dma Configuration THUMB Debug/main.o
 .comment       0x00000000       0x4f i2c_dma Configuration THUMB Debug/i2c.o
 .comment       0x00000000       0x4f i2c_dma Configuration THUMB Debug/gpio.o
 .comment       0x00000000       0x4f i2c_dma Configuration THUMB Debug/stm32f2xx_it.o
 .comment       0x00000000       0x4f i2c_dma Configuration THUMB Debug/system_stm32f2xx.o
 .comment       0x00000000       0x4f i2c_dma Configuration THUMB Debug/stm32f2xx_hal_gpio.o
 .comment       0x00000000       0x4f i2c_dma Configuration THUMB Debug/stm32f2xx_hal_rcc.o
 .comment       0x00000000       0x4f i2c_dma Configuration THUMB Debug/stm32f2xx_hal.o
 .comment       0x00000000       0x4f i2c_dma Configuration THUMB Debug/stm32f2xx_hal_i2c.o
 .comment       0x00000000       0x4f i2c_dma Configuration THUMB Debug/stm32f2xx_hal_dma.o
 .comment       0x00000000       0x4f i2c_dma Configuration THUMB Debug/stm32f2xx_hal_cortex.o

.ARM.attributes
                0x00000000       0x31
 .ARM.attributes
                0x00000000       0x33 i2c_dma Configuration THUMB Debug/stm32f2xx_hal_msp.o
 .ARM.attributes
                0x00000033       0x33 i2c_dma Configuration THUMB Debug/dma.o
 .ARM.attributes
                0x00000066       0x33 i2c_dma Configuration THUMB Debug/main.o
 .ARM.attributes
                0x00000099       0x33 i2c_dma Configuration THUMB Debug/i2c.o
 .ARM.attributes
                0x000000cc       0x33 i2c_dma Configuration THUMB Debug/gpio.o
 .ARM.attributes
                0x000000ff       0x33 i2c_dma Configuration THUMB Debug/stm32f2xx_it.o
 .ARM.attributes
                0x00000132       0x33 i2c_dma Configuration THUMB Debug/system_stm32f2xx.o
 .ARM.attributes
                0x00000165       0x33 i2c_dma Configuration THUMB Debug/stm32f2xx_hal_gpio.o
 .ARM.attributes
                0x00000198       0x33 i2c_dma Configuration THUMB Debug/stm32f2xx_hal_rcc.o
 .ARM.attributes
                0x000001cb       0x33 i2c_dma Configuration THUMB Debug/stm32f2xx_hal.o
 .ARM.attributes
                0x000001fe       0x33 i2c_dma Configuration THUMB Debug/stm32f2xx_hal_i2c.o
 .ARM.attributes
                0x00000231       0x33 i2c_dma Configuration THUMB Debug/stm32f2xx_hal_dma.o
 .ARM.attributes
                0x00000264       0x33 i2c_dma Configuration THUMB Debug/stm32f2xx_hal_cortex.o
 .ARM.attributes
                0x00000297       0x21 i2c_dma Configuration THUMB Debug/thumb_crt0.o
 .ARM.attributes
                0x000002b8       0x21 i2c_dma Configuration THUMB Debug/STM32_Startup.o
