Archive member included because of file (symbol)

C:/Program Files (x86)/Rowley Associates Limited/CrossWorks for ARM 3.5/lib/libm_v7m_t_le_eabi.a(libm_asm.o)
                              C:/Program Files (x86)/Rowley Associates Limited/CrossWorks for ARM 3.5/lib/libvfscanf_v7m_t_le_eabi.o (__aeabi_i2d)
C:/Program Files (x86)/Rowley Associates Limited/CrossWorks for ARM 3.5/lib/libm_v7m_t_le_eabi.a(libm2.o)
                              C:/Program Files (x86)/Rowley Associates Limited/CrossWorks for ARM 3.5/lib/libvfprintf_v7m_t_le_eabi.o (frexp)
C:/Program Files (x86)/Rowley Associates Limited/CrossWorks for ARM 3.5/lib/libm_v7m_t_le_eabi.a(libm2_asm.o)
                              C:/Program Files (x86)/Rowley Associates Limited/CrossWorks for ARM 3.5/lib/libm_v7m_t_le_eabi.a(libm2.o) (fabs)
C:/Program Files (x86)/Rowley Associates Limited/CrossWorks for ARM 3.5/lib/libc_v7m_t_le_eabi.a(libc_asm.o)
                              C:/Program Files (x86)/Rowley Associates Limited/CrossWorks for ARM 3.5/lib/libvfprintf_v7m_t_le_eabi.o (__aeabi_uldivmod)
C:/Program Files (x86)/Rowley Associates Limited/CrossWorks for ARM 3.5/lib/libc_v7m_t_le_eabi.a(libc2.o)
                              C:/Program Files (x86)/Rowley Associates Limited/CrossWorks for ARM 3.5/lib/libvfscanf_v7m_t_le_eabi.o (__getc)
C:/Program Files (x86)/Rowley Associates Limited/CrossWorks for ARM 3.5/lib/libc_v7m_t_le_eabi.a(libc2_asm.o)
                              C:/Program Files (x86)/Rowley Associates Limited/CrossWorks for ARM 3.5/lib/libc_v7m_t_le_eabi.a(libc2.o) (memcpy)

Discarded input sections

 .group         0x00000000        0x8 bldc_drive THUMB Debug/stm32f2xx_hal_dma.o
 .group         0x00000000        0x8 bldc_drive THUMB Debug/stm32f2xx_hal_dma.o
 .group         0x00000000        0x8 bldc_drive THUMB Debug/stm32f2xx_hal_dma.o
 .group         0x00000000        0x8 bldc_drive THUMB Debug/stm32f2xx_hal_dma.o
 .group         0x00000000        0x8 bldc_drive THUMB Debug/stm32f2xx_hal_dma.o
 .group         0x00000000        0x8 bldc_drive THUMB Debug/stm32f2xx_hal_dma.o
 .group         0x00000000        0x8 bldc_drive THUMB Debug/stm32f2xx_hal_dma.o
 .group         0x00000000        0x8 bldc_drive THUMB Debug/stm32f2xx_hal_dma.o
 .group         0x00000000        0x8 bldc_drive THUMB Debug/stm32f2xx_hal_dma.o
 .group         0x00000000        0x8 bldc_drive THUMB Debug/stm32f2xx_hal_dma.o
 .group         0x00000000        0x8 bldc_drive THUMB Debug/stm32f2xx_hal_dma.o
 .group         0x00000000        0x8 bldc_drive THUMB Debug/stm32f2xx_hal_dma.o
 .group         0x00000000        0x8 bldc_drive THUMB Debug/stm32f2xx_hal_dma.o
 .group         0x00000000        0x8 bldc_drive THUMB Debug/stm32f2xx_hal_dma.o
 .group         0x00000000        0x8 bldc_drive THUMB Debug/stm32f2xx_hal_dma.o
 .group         0x00000000        0x8 bldc_drive THUMB Debug/stm32f2xx_hal_dma.o
 .group         0x00000000        0x8 bldc_drive THUMB Debug/stm32f2xx_hal_dma.o
 .group         0x00000000        0x8 bldc_drive THUMB Debug/stm32f2xx_hal_dma.o
 .group         0x00000000        0x8 bldc_drive THUMB Debug/stm32f2xx_hal_dma.o
 .group         0x00000000        0x8 bldc_drive THUMB Debug/stm32f2xx_hal_dma.o
 .group         0x00000000        0x8 bldc_drive THUMB Debug/stm32f2xx_hal_dma.o
 .group         0x00000000        0x8 bldc_drive THUMB Debug/stm32f2xx_hal_dma.o
 .group         0x00000000        0x8 bldc_drive THUMB Debug/stm32f2xx_hal_dma.o
 .text          0x00000000        0x0 bldc_drive THUMB Debug/stm32f2xx_hal_dma.o
 .data          0x00000000        0x0 bldc_drive THUMB Debug/stm32f2xx_hal_dma.o
 .bss           0x00000000        0x0 bldc_drive THUMB Debug/stm32f2xx_hal_dma.o
 .text.HAL_DMA_Init
                0x00000000       0xd8 bldc_drive THUMB Debug/stm32f2xx_hal_dma.o
 .text.HAL_DMA_DeInit
                0x00000000     0x14a0 bldc_drive THUMB Debug/stm32f2xx_hal_dma.o
 .text.HAL_DMA_Start
                0x00000000       0x64 bldc_drive THUMB Debug/stm32f2xx_hal_dma.o
 .text.HAL_DMA_Start_IT
                0x00000000       0xb4 bldc_drive THUMB Debug/stm32f2xx_hal_dma.o
 .text.HAL_DMA_Abort
                0x00000000       0x80 bldc_drive THUMB Debug/stm32f2xx_hal_dma.o
 .text.HAL_DMA_PollForTransfer
                0x00000000     0x300c bldc_drive THUMB Debug/stm32f2xx_hal_dma.o
 .text.HAL_DMA_IRQHandler
                0x00000000     0x33d8 bldc_drive THUMB Debug/stm32f2xx_hal_dma.o
 .text.HAL_DMA_GetState
                0x00000000       0x1c bldc_drive THUMB Debug/stm32f2xx_hal_dma.o
 .text.HAL_DMA_GetError
                0x00000000       0x18 bldc_drive THUMB Debug/stm32f2xx_hal_dma.o
 .text.DMA_SetConfig
                0x00000000       0x4c bldc_drive THUMB Debug/stm32f2xx_hal_dma.o
 .debug_frame   0x00000000      0x268 bldc_drive THUMB Debug/stm32f2xx_hal_dma.o
 .debug_info    0x00000000      0x614 bldc_drive THUMB Debug/stm32f2xx_hal_dma.o
 .debug_abbrev  0x00000000      0x1c5 bldc_drive THUMB Debug/stm32f2xx_hal_dma.o
[...]
Memory Configuration

Name             Origin             Length             Attributes
UNPLACED_SECTIONS 0xffffffff         0x00000000         xw
FLASH            0x08000000         0x00040000         xr
SYSTEM           0x1fff0000         0x00007a10         xw
OPTION           0x1fffc000         0x00000008         xw
RAM              0x20000000         0x00020000         xw
SRAM1            0x20000000         0x0001c000         xw
SRAM2            0x2001c000         0x00004000         xw
APB1             0x40000000         0x00007800         xw
APB2             0x40010000         0x00004c00         xw
AHB1             0x40020000         0x00080000         xw
AHB2             0x50000000         0x00060c00         xw
FSMC             0xa0000000         0x00001000         xw
PCCARD           0x90000000         0x00000000         xw
NAND2            0x80000000         0x00000000         xw
NAND1            0x70000000         0x00000000         xw
NOR_PSRAM4       0x6c000000         0x00000000         xw
NOR_PSRAM3       0x68000000         0x00000000         xw
NOR_PSRAM2       0x64000000         0x00000000         xw
NOR_PSRAM1       0x60000000         0x00000000         xw
PPB              0xe0000000         0x00100000         xw
DBG              0xe0042000         0x00000010         xw
*default*        0x00000000         0xffffffff

Linker script and memory map

                0x00000000                __vfprintf = __vfprintf_float_long_long
                0x00000000                __vfscanf = __vfscanf_float_long_long_cc
                0x08000000                __FLASH_segment_start__ = 0x8000000
                0x08040000                __FLASH_segment_end__ = 0x8040000
                0x00040000                __FLASH_segment_size__ = 0x40000
                0x1fff0000                __SYSTEM_segment_start__ = 0x1fff0000
                0x1fff7a10                __SYSTEM_segment_end__ = 0x1fff7a10
                0x00007a10                __SYSTEM_segment_size__ = 0x7a10
                0x1fffc000                __OPTION_segment_start__ = 0x1fffc000
                0x1fffc008                __OPTION_segment_end__ = 0x1fffc008
                0x00000008                __OPTION_segment_size__ = 0x8
                0x20000000                __RAM_segment_start__ = 0x20000000
                0x20020000                __RAM_segment_end__ = 0x20020000
                0x00020000                __RAM_segment_size__ = 0x20000
                0x20000000                __SRAM1_segment_start__ = 0x20000000
                0x2001c000                __SRAM1_segment_end__ = 0x2001c000
                0x0001c000                __SRAM1_segment_size__ = 0x1c000
                0x2001c000                __SRAM2_segment_start__ = 0x2001c000
                0x20020000                __SRAM2_segment_end__ = 0x20020000
                0x00004000                __SRAM2_segment_size__ = 0x4000
                0x40000000                __APB1_segment_start__ = 0x40000000
                0x40007800                __APB1_segment_end__ = 0x40007800
                0x00007800                __APB1_segment_size__ = 0x7800
                0x40010000                __APB2_segment_start__ = 0x40010000
                0x40014c00                __APB2_segment_end__ = 0x40014c00
                0x00004c00                __APB2_segment_size__ = 0x4c00
                0x40020000                __AHB1_segment_start__ = 0x40020000
                0x400a0000                __AHB1_segment_end__ = 0x400a0000
                0x00080000                __AHB1_segment_size__ = 0x80000
                0x50000000                __AHB2_segment_start__ = 0x50000000
                0x50060c00                __AHB2_segment_end__ = 0x50060c00
                0x00060c00                __AHB2_segment_size__ = 0x60c00
                0xa0000000                __FSMC_segment_start__ = 0xa0000000
                0xa0001000                __FSMC_segment_end__ = 0xa0001000
                0x00001000                __FSMC_segment_size__ = 0x1000
                0x90000000                __PCCARD_segment_start__ = 0x90000000
                0x90000000                __PCCARD_segment_end__ = 0x90000000
                0x00000000                __PCCARD_segment_size__ = 0x0
                0x80000000                __NAND2_segment_start__ = 0x80000000
                0x80000000                __NAND2_segment_end__ = 0x80000000
                0x00000000                __NAND2_segment_size__ = 0x0
                0x70000000                __NAND1_segment_start__ = 0x70000000
                0x70000000                __NAND1_segment_end__ = 0x70000000
                0x00000000                __NAND1_segment_size__ = 0x0
                0x6c000000                __NOR_PSRAM4_segment_start__ = 0x6c000000
                0x6c000000                __NOR_PSRAM4_segment_end__ = 0x6c000000
                0x00000000                __NOR_PSRAM4_segment_size__ = 0x0
                0x68000000                __NOR_PSRAM3_segment_start__ = 0x68000000
                0x68000000                __NOR_PSRAM3_segment_end__ = 0x68000000
                0x00000000                __NOR_PSRAM3_segment_size__ = 0x0
                0x64000000                __NOR_PSRAM2_segment_start__ = 0x64000000
                0x64000000                __NOR_PSRAM2_segment_end__ = 0x64000000
                0x00000000                __NOR_PSRAM2_segment_size__ = 0x0
                0x60000000                __NOR_PSRAM1_segment_start__ = 0x60000000
                0x60000000                __NOR_PSRAM1_segment_end__ = 0x60000000
                0x00000000                __NOR_PSRAM1_segment_size__ = 0x0
                0xe0000000                __PPB_segment_start__ = 0xe0000000
                0xe0100000                __PPB_segment_end__ = 0xe0100000
                0x00100000                __PPB_segment_size__ = 0x100000
                0xe0042000                __DBG_segment_start__ = 0xe0042000
                0xe0042010                __DBG_segment_end__ = 0xe0042010
                0x00000010                __DBG_segment_size__ = 0x10
                0x00000080                __HEAPSIZE__ = 0x80
                0x00000000                __STACKSIZE_ABT__ = 0x0
                0x00000000                __STACKSIZE_FIQ__ = 0x0
                0x00000000                __STACKSIZE_IRQ__ = 0x0
                0x00000000                __STACKSIZE_PROCESS__ = 0x0
                0x00000000                __STACKSIZE_SVC__ = 0x0
                0x00000000                __STACKSIZE_UND__ = 0x0
                0x00000100                __STACKSIZE__ = 0x100
                0x20000000                __vectors_ram_load_start__ = ALIGN (__RAM_segment_start__, 0x100)

.vectors_ram    0x20000000        0x0
                0x20000000                __vectors_ram_start__ = .
 *(.vectors_ram .vectors_ram.*)
                0x20000000                __vectors_ram_end__ = (__vectors_ram_start__ + SIZEOF (.vectors_ram))
                0x00000000                __vectors_ram_size__ = SIZEOF (.vectors_ram)
                0x20000000                __vectors_ram_load_end__ = __vectors_ram_end__
                0x00000001                . = ASSERT (((__vectors_ram_start__ == __vectors_ram_end__) || ((__vectors_ram_end__ >= __RAM_segment_start__) && (__vectors_ram_end__ <= __RAM_segment_end__))), error: .vectors_ram is too large to fit in RAM memory segment)
                0x08000000                __vectors_load_start__ = ALIGN (__FLASH_segment_start__, 0x100)

.vectors        0x08000000      0x184
                0x08000000                __vectors_start__ = .
 *(.vectors .vectors.*)
 .vectors       0x08000000      0x184 bldc_drive THUMB Debug/STM32_Startup.o
                0x08000000                _vectors
                0x08000184                __vectors_end__ = (__vectors_start__ + SIZEOF (.vectors))
                0x00000184                __vectors_size__ = SIZEOF (.vectors)
                0x08000184                __vectors_load_end__ = __vectors_end__
                0x00000001                . = ASSERT (((__vectors_start__ == __vectors_end__) || ((__vectors_end__ >= __FLASH_segment_start__) && (__vectors_end__ <= __FLASH_segment_end__))), error: .vectors is too large to fit in FLASH memory segment)
                0x08000184                __init_load_start__ = ALIGN (__vectors_end__, 0x4)

.init           0x08000184      0x22c
                0x08000184                __init_start__ = .
 *(.init .init.*)
 .init          0x08000184      0x158 bldc_drive THUMB Debug/thumb_crt0.o
                0x08000184                _start
                0x08000236                exit
 .init          0x080002dc       0xd4 bldc_drive THUMB Debug/STM32_Startup.o
                0x080002dc                NMI_Handler
                0x080002de                HardFault_Handler
                0x080002e0                MemManage_Handler
                0x080002e2                BusFault_Handler
                0x080002e4                UsageFault_Handler
                0x080002e6                SVC_Handler
                0x080002e8                DebugMon_Handler
                0x080002ea                PendSV_Handler
                0x080002ee                WWDG_IRQHandler
                0x080002f0                PVD_IRQHandler
                0x080002f2                TAMP_STAMP_IRQHandler
                0x080002f4                RTC_WKUP_IRQHandler
                0x080002f6                FLASH_IRQHandler
                0x080002f8                RCC_IRQHandler
                0x080002fa                EXTI0_IRQHandler
                0x080002fc                EXTI1_IRQHandler
                0x080002fe                EXTI2_IRQHandler
                0x08000300                EXTI3_IRQHandler
                0x08000302                EXTI4_IRQHandler
                0x08000304                DMA1_Stream0_IRQHandler
                0x08000306                DMA1_Stream1_IRQHandler
                0x08000308                DMA1_Stream2_IRQHandler
                0x0800030a                DMA1_Stream3_IRQHandler
                0x0800030c                DMA1_Stream4_IRQHandler
                0x0800030e                DMA1_Stream5_IRQHandler
                0x08000310                DMA1_Stream6_IRQHandler
                0x08000312                ADC_IRQHandler
                0x08000314                CAN1_TX_IRQHandler
                0x08000316                CAN1_RX0_IRQHandler
                0x08000318                CAN1_RX1_IRQHandler
                0x0800031a                CAN1_SCE_IRQHandler
                0x0800031c                EXTI9_5_IRQHandler
                0x0800031e                TIM1_BRK_TIM9_IRQHandler
                0x08000320                TIM1_UP_TIM10_IRQHandler
                0x08000322                TIM1_TRG_COM_TIM11_IRQHandler
                0x08000324                TIM1_CC_IRQHandler
                0x08000326                TIM2_IRQHandler
                0x08000328                TIM3_IRQHandler
                0x0800032a                TIM4_IRQHandler
                0x0800032c                I2C1_EV_IRQHandler
                0x0800032e                I2C1_ER_IRQHandler
                0x08000330                I2C2_EV_IRQHandler
                0x08000332                I2C2_ER_IRQHandler
                0x08000334                SPI1_IRQHandler
                0x08000336                SPI2_IRQHandler
                0x08000338                USART1_IRQHandler
                0x0800033a                USART2_IRQHandler
                0x0800033c                USART3_IRQHandler
                0x0800033e                EXTI15_10_IRQHandler
                0x08000340                RTC_Alarm_IRQHandler
                0x08000342                OTG_FS_WKUP_IRQHandler
                0x08000344                TIM8_BRK_TIM12_IRQHandler
                0x08000346                TIM8_UP_TIM13_IRQHandler
                0x08000348                TIM8_TRG_COM_TIM14_IRQHandler
                0x0800034a                TIM8_CC_IRQHandler
                0x0800034c                DMA1_Stream7_IRQHandler
                0x0800034e                FSMC_IRQHandler
                0x08000350                SDIO_IRQHandler
                0x08000352                TIM5_IRQHandler
                0x08000354                SPI3_IRQHandler
                0x08000356                UART4_IRQHandler
                0x08000358                UART5_IRQHandler
                0x0800035a                TIM6_DAC_IRQHandler
                0x0800035c                TIM7_IRQHandler
                0x0800035e                DMA2_Stream0_IRQHandler
                0x08000360                DMA2_Stream1_IRQHandler
                0x08000362                DMA2_Stream2_IRQHandler
                0x08000364                DMA2_Stream3_IRQHandler
                0x08000366                DMA2_Stream4_IRQHandler
                0x08000368                ETH_IRQHandler
                0x0800036a                ETH_WKUP_IRQHandler
                0x0800036c                CAN2_TX_IRQHandler
                0x0800036e                CAN2_RX0_IRQHandler
                0x08000370                CAN2_RX1_IRQHandler
                0x08000372                CAN2_SCE_IRQHandler
                0x08000374                OTG_FS_IRQHandler
                0x08000376                DMA2_Stream5_IRQHandler
                0x08000378                DMA2_Stream6_IRQHandler
                0x0800037a                DMA2_Stream7_IRQHandler
                0x0800037c                USART6_IRQHandler
                0x0800037e                I2C3_EV_IRQHandler
                0x08000380                I2C3_ER_IRQHandler
                0x08000382                OTG_HS_EP1_OUT_IRQHandler
                0x08000384                OTG_HS_EP1_IN_IRQHandler
                0x08000386                OTG_HS_WKUP_IRQHandler
                0x08000388                OTG_HS_IRQHandler
                0x0800038a                DCMI_IRQHandler
                0x0800038c                HASH_RNG_IRQHandler
                0x0800038e                reset_handler
                0x080003b0                __init_end__ = (__init_start__ + SIZEOF (.init))
                0x0000022c                __init_size__ = SIZEOF (.init)
                0x080003b0                __init_load_end__ = __init_end__
                0x00000001                . = ASSERT (((__init_start__ == __init_end__) || ((__init_end__ >= __FLASH_segment_start__) && (__init_end__ <= __FLASH_segment_end__))), error: .init is too large to fit in FLASH memory segment)
                0x080003b0                __init_rodata_load_start__ = ALIGN (__init_end__, 0x4)

.init_rodata    0x080003b0        0x0
                0x080003b0                __init_rodata_start__ = .
 *(.init_rodata .init_rodata.*)
                0x080003b0                __init_rodata_end__ = (__init_rodata_start__ + SIZEOF (.init_rodata))
                0x00000000                __init_rodata_size__ = SIZEOF (.init_rodata)
                0x080003b0                __init_rodata_load_end__ = __init_rodata_end__
                0x00000001                . = ASSERT (((__init_rodata_start__ == __init_rodata_end__) || ((__init_rodata_end__ >= __FLASH_segment_start__) && (__init_rodata_end__ <= __FLASH_segment_end__))), error: .init_rodata is too large to fit in FLASH memory segment)
                0x080003b0                __text_load_start__ = ALIGN (__init_rodata_end__, 0x4)

.text           0x080003b0     0x16f8
                0x080003b0                __text_start__ = .
 *(.text .text.* .glue_7t .glue_7 .gnu.linkonce.t.* .gcc_except_table .ARM.extab* .gnu.linkonce.armextab.*)
 .glue_7        0x00000000        0x0 linker stubs
 .glue_7t       0x00000000        0x0 linker stubs
 .text.HAL_TIM_PWM_Start
                0x080003b0       0x68 bldc_drive THUMB Debug/stm32f2xx_hal_tim.o
                0x080003b0                HAL_TIM_PWM_Start
 .text.HAL_TIM_PWM_ConfigChannel
                0x08000418      0x18c bldc_drive THUMB Debug/stm32f2xx_hal_tim.o
                0x08000418                HAL_TIM_PWM_ConfigChannel
 .text.TIM_OC1_SetConfig
                0x080005a4       0xe4 bldc_drive THUMB Debug/stm32f2xx_hal_tim.o
 .text.TIM_OC2_SetConfig
                0x08000688       0xf0 bldc_drive THUMB Debug/stm32f2xx_hal_tim.o
                0x08000688                TIM_OC2_SetConfig
 .text.TIM_OC3_SetConfig
                0x08000778       0xec bldc_drive THUMB Debug/stm32f2xx_hal_tim.o
 .text.TIM_OC4_SetConfig
                0x08000864       0xc0 bldc_drive THUMB Debug/stm32f2xx_hal_tim.o
 .text.TIM_CCxChannelCmd
                0x08000924       0x44 bldc_drive THUMB Debug/stm32f2xx_hal_tim.o
                0x08000924                TIM_CCxChannelCmd
 .text.HAL_GPIO_Init
                0x08000968      0x338 bldc_drive THUMB Debug/stm32f2xx_hal_gpio.o
                0x08000968                HAL_GPIO_Init
 .text.HAL_GPIO_ReadPin
                0x08000ca0       0x30 bldc_drive THUMB Debug/stm32f2xx_hal_gpio.o
                0x08000ca0                HAL_GPIO_ReadPin
 .text.HAL_GPIO_WritePin
                0x08000cd0       0x30 bldc_drive THUMB Debug/stm32f2xx_hal_gpio.o
                0x08000cd0                HAL_GPIO_WritePin
 .text.HAL_RCC_OscConfig
                0x08000d00      0x498 bldc_drive THUMB Debug/stm32f2xx_hal_rcc.o
                0x08000d00                HAL_RCC_OscConfig
 .text.HAL_RCC_GetSysClockFreq
                0x08001198      0x138 bldc_drive THUMB Debug/stm32f2xx_hal_rcc.o
                0x08001198                HAL_RCC_GetSysClockFreq
 .text.HAL_RCC_GetHCLKFreq
                0x080012d0       0x58 bldc_drive THUMB Debug/stm32f2xx_hal_rcc.o
                0x080012d0                HAL_RCC_GetHCLKFreq
 .text.NVIC_SetPriorityGrouping
                0x08001328       0x48 bldc_drive THUMB Debug/stm32f2xx_hal_cortex.o
 .text.NVIC_GetPriorityGrouping
                0x08001370       0x1c bldc_drive THUMB Debug/stm32f2xx_hal_cortex.o
 .text.NVIC_SetPriority
                0x0800138c       0x54 bldc_drive THUMB Debug/stm32f2xx_hal_cortex.o
 .text.NVIC_EncodePriority
                0x080013e0       0x68 bldc_drive THUMB Debug/stm32f2xx_hal_cortex.o
 .text.SysTick_Config
                0x08001448       0x44 bldc_drive THUMB Debug/stm32f2xx_hal_cortex.o
 .text.HAL_NVIC_SetPriorityGrouping
                0x0800148c       0x14 bldc_drive THUMB Debug/stm32f2xx_hal_cortex.o
                0x0800148c                HAL_NVIC_SetPriorityGrouping
 .text.HAL_NVIC_SetPriority
                0x080014a0       0x38 bldc_drive THUMB Debug/stm32f2xx_hal_cortex.o
                0x080014a0                HAL_NVIC_SetPriority
 .text.HAL_SYSTICK_Config
                0x080014d8       0x18 bldc_drive THUMB Debug/stm32f2xx_hal_cortex.o
                0x080014d8                HAL_SYSTICK_Config
 .text.HAL_SYSTICK_CLKSourceConfig
                0x080014f0       0x38 bldc_drive THUMB Debug/stm32f2xx_hal_cortex.o
                0x080014f0                HAL_SYSTICK_CLKSourceConfig
 .text.HAL_SYSTICK_IRQHandler
                0x08001528        0xc bldc_drive THUMB Debug/stm32f2xx_hal_cortex.o
                0x08001528                HAL_SYSTICK_IRQHandler
 .text.HAL_SYSTICK_Callback
                0x08001534        0xc bldc_drive THUMB Debug/stm32f2xx_hal_cortex.o
                0x08001534                HAL_SYSTICK_Callback
 .text.HAL_Init
                0x08001540       0x44 bldc_drive THUMB Debug/stm32f2xx_hal.o
                0x08001540                HAL_Init
 .text.HAL_IncTick
                0x08001584       0x1c bldc_drive THUMB Debug/stm32f2xx_hal.o
                0x08001584                HAL_IncTick
 .text.HAL_GetTick
                0x080015a0       0x18 bldc_drive THUMB Debug/stm32f2xx_hal.o
                0x080015a0                HAL_GetTick
 .text.HAL_Delay
                0x080015b8       0x28 bldc_drive THUMB Debug/stm32f2xx_hal.o
                0x080015b8                HAL_Delay
 .text.SystemInit
                0x080015e0       0x5c bldc_drive THUMB Debug/system_stm32f2xx.o
                0x080015e0                SystemInit
 .text.SysTick_Handler
                0x0800163c       0x10 bldc_drive THUMB Debug/stm32f2xx_it.o
                0x0800163c                SysTick_Handler
 .text.HAL_MspInit
                0x0800164c       0x18 bldc_drive THUMB Debug/stm32f2xx_hal_msp.o
                0x0800164c                HAL_MspInit
 .text.GPIO_pwm
                0x08001664      0x118 bldc_drive THUMB Debug/main.o
                0x08001664                GPIO_pwm
 .text.ApplyPhase
                0x0800177c      0x1a0 bldc_drive THUMB Debug/main.o
                0x0800177c                ApplyPhase
 .text.main     0x0800191c       0x9c bldc_drive THUMB Debug/main.o
                0x0800191c                main
 .text.SystemClock_Config
                0x080019b8       0x44 bldc_drive THUMB Debug/main.o
                0x080019b8                SystemClock_Config
 .text.MX_GPIO_Init
                0x080019fc       0xac bldc_drive THUMB Debug/gpio.o
                0x080019fc                MX_GPIO_Init
                0x08001aa8                __text_end__ = (__text_start__ + SIZEOF (.text))
                0x000016f8                __text_size__ = SIZEOF (.text)
                0x08001aa8                __text_load_end__ = __text_end__

.vfp11_veneer   0x00000000        0x0
 .vfp11_veneer  0x00000000        0x0 linker stubs

.v4_bx          0x00000000        0x0
 .v4_bx         0x00000000        0x0 linker stubs

.iplt           0x00000000        0x0
 .iplt          0x00000000        0x0 bldc_drive THUMB Debug/stm32f2xx_hal_dma.o
                0x00000001                . = ASSERT (((__text_start__ == __text_end__) || ((__text_end__ >= __FLASH_segment_start__) && (__text_end__ <= __FLASH_segment_end__))), error: .text is too large to fit in FLASH memory segment)
                0x08001aa8                __dtors_load_start__ = ALIGN (__text_end__, 0x4)

.dtors          0x08001aa8        0x0
                0x08001aa8                __dtors_start__ = .
 *(SORT(.dtors.*))
 *(.dtors)
 *(.fini_array)
 *(SORT(.fini_array.*))
                0x08001aa8                __dtors_end__ = (__dtors_start__ + SIZEOF (.dtors))
                0x00000000                __dtors_size__ = SIZEOF (.dtors)
                0x08001aa8                __dtors_load_end__ = __dtors_end__
                0x00000001                . = ASSERT (((__dtors_start__ == __dtors_end__) || ((__dtors_end__ >= __FLASH_segment_start__) && (__dtors_end__ <= __FLASH_segment_end__))), error: .dtors is too large to fit in FLASH memory segment)
                0x08001aa8                __ctors_load_start__ = ALIGN (__dtors_end__, 0x4)

.ctors          0x08001aa8        0x0
                0x08001aa8                __ctors_start__ = .
 *(SORT(.ctors.*))
 *(.ctors)
 *(.init_array)
 *(SORT(.init_array.*))
                0x08001aa8                __ctors_end__ = (__ctors_start__ + SIZEOF (.ctors))
                0x00000000                __ctors_size__ = SIZEOF (.ctors)
                0x08001aa8                __ctors_load_end__ = __ctors_end__
                0x00000001                . = ASSERT (((__ctors_start__ == __ctors_end__) || ((__ctors_end__ >= __FLASH_segment_start__) && (__ctors_end__ <= __FLASH_segment_end__))), error: .ctors is too large to fit in FLASH memory segment)
                0x08001aa8                __rodata_load_start__ = ALIGN (__ctors_end__, 0x4)

.rodata         0x08001aa8       0x10
                0x08001aa8                __rodata_start__ = .
 *(.rodata .rodata.* .gnu.linkonce.r.*)
 .rodata.APBAHBPrescTable
                0x08001aa8       0x10 bldc_drive THUMB Debug/stm32f2xx_hal_rcc.o
                0x08001aa8                APBAHBPrescTable
                0x08001ab8                __rodata_end__ = (__rodata_start__ + SIZEOF (.rodata))
                0x00000010                __rodata_size__ = SIZEOF (.rodata)
                0x08001ab8                __rodata_load_end__ = __rodata_end__

.rel.dyn        0x08000000        0x0
 .rel.iplt      0x00000000        0x0 bldc_drive THUMB Debug/stm32f2xx_hal_dma.o
                0x00000001                . = ASSERT (((__rodata_start__ == __rodata_end__) || ((__rodata_end__ >= __FLASH_segment_start__) && (__rodata_end__ <= __FLASH_segment_end__))), error: .rodata is too large to fit in FLASH memory segment)
                0x08001ab8                __ARM.exidx_load_start__ = ALIGN (__rodata_end__, 0x4)

.ARM.exidx      0x08001ab8        0x0
                0x08001ab8                __ARM.exidx_start__ = .
                0x08001ab8                __exidx_start = __ARM.exidx_start__
 *(.ARM.exidx .ARM.exidx.*)
                0x08001ab8                __ARM.exidx_end__ = (__ARM.exidx_start__ + SIZEOF (.ARM.exidx))
                0x00000000                __ARM.exidx_size__ = SIZEOF (.ARM.exidx)
                0x08001ab8                __exidx_end = __ARM.exidx_end__
                0x08001ab8                __ARM.exidx_load_end__ = __ARM.exidx_end__
                0x00000001                . = ASSERT (((__ARM.exidx_start__ == __ARM.exidx_end__) || ((__ARM.exidx_end__ >= __FLASH_segment_start__) && (__ARM.exidx_end__ <= __FLASH_segment_end__))), error: .ARM.exidx is too large to fit in FLASH memory segment)
                0x08001ab8                __fast_load_start__ = ALIGN (__ARM.exidx_end__, 0x4)

.fast           0x20000000        0x0 load address 0x08001ab8
                0x20000000                __fast_start__ = .
 *(.fast .fast.*)
                0x20000000                __fast_end__ = (__fast_start__ + SIZEOF (.fast))
                0x00000000                __fast_size__ = SIZEOF (.fast)
                0x08001ab8                __fast_load_end__ = (__fast_load_start__ + SIZEOF (.fast))
                0x00000001                . = ASSERT (((__fast_load_start__ == __fast_load_end__) || ((__fast_load_end__ >= __FLASH_segment_start__) && (__fast_load_end__ <= __FLASH_segment_end__))), error: .fast is too large to fit in FLASH memory segment)

.fast_run       0x20000000        0x0
                0x20000000                __fast_run_start__ = .
                0x20000000                . = MAX ((__fast_run_start__ + SIZEOF (.fast)), .)
                0x20000000                __fast_run_end__ = (__fast_run_start__ + SIZEOF (.fast_run))
                0x00000000                __fast_run_size__ = SIZEOF (.fast_run)
                0x20000000                __fast_run_load_end__ = __fast_run_end__
                0x00000001                . = ASSERT (((__fast_run_start__ == __fast_run_end__) || ((__fast_run_end__ >= __RAM_segment_start__) && (__fast_run_end__ <= __RAM_segment_end__))), error: .fast_run is too large to fit in RAM memory segment)
                0x08001ab8                __data_load_start__ = ALIGN ((__fast_load_start__ + SIZEOF (.fast)), 0x4)

.data           0x20000000        0x4 load address 0x08001ab8
                0x20000000                __data_start__ = .
 *(.data .data.* .gnu.linkonce.d.*)
 .data.SystemCoreClock
                0x20000000        0x4 bldc_drive THUMB Debug/system_stm32f2xx.o
                0x20000000                SystemCoreClock
                0x20000004                __data_end__ = (__data_start__ + SIZEOF (.data))
                0x00000004                __data_size__ = SIZEOF (.data)
                0x08001abc                __data_load_end__ = (__data_load_start__ + SIZEOF (.data))

.igot.plt       0x00000000        0x0
 .igot.plt      0x00000000        0x0 bldc_drive THUMB Debug/stm32f2xx_hal_dma.o
                0x00000001                . = ASSERT (((__data_load_start__ == __data_load_end__) || ((__data_load_end__ >= __FLASH_segment_start__) && (__data_load_end__ <= __FLASH_segment_end__))), error: .data is too large to fit in FLASH memory segment)

.data_run       0x20000000        0x4 load address 0x08001ab8
                0x20000000                __data_run_start__ = .
                0x20000004                . = MAX ((__data_run_start__ + SIZEOF (.data)), .)
 *fill*         0x20000000        0x4 
                0x20000004                __data_run_end__ = (__data_run_start__ + SIZEOF (.data_run))
                0x00000004                __data_run_size__ = SIZEOF (.data_run)
                0x20000004                __data_run_load_end__ = __data_run_end__
                0x00000001                . = ASSERT (((__data_run_start__ == __data_run_end__) || ((__data_run_end__ >= __RAM_segment_start__) && (__data_run_end__ <= __RAM_segment_end__))), error: .data_run is too large to fit in RAM memory segment)
                0x08001abc                __tdata_load_start__ = ALIGN ((__data_load_start__ + SIZEOF (.data)), 0x4)

.tdata          0x20000004        0x0 load address 0x08001abc
                0x20000004                __tdata_start__ = .
 *(.tdata .tdata.*)
                0x20000004                __tdata_end__ = (__tdata_start__ + SIZEOF (.tdata))
                0x00000000                __tdata_size__ = SIZEOF (.tdata)
                0x08001abc                __tdata_load_end__ = (__tdata_load_start__ + SIZEOF (.tdata))
                0x08001abc                __FLASH_segment_used_end__ = (ALIGN ((__data_load_start__ + SIZEOF (.data)), 0x4) + SIZEOF (.tdata))
                0x00001abc                __FLASH_segment_used_size__ = (__FLASH_segment_used_end__ - __FLASH_segment_start__)
                0x00000001                . = ASSERT (((__tdata_load_start__ == __tdata_load_end__) || ((__tdata_load_end__ >= __FLASH_segment_start__) && (__tdata_load_end__ <= __FLASH_segment_end__))), error: .tdata is too large to fit in FLASH memory segment)

.tdata_run      0x20000004        0x0
                0x20000004                __tdata_run_start__ = .
                0x20000004                . = MAX ((__tdata_run_start__ + SIZEOF (.tdata)), .)
                0x20000004                __tdata_run_end__ = (__tdata_run_start__ + SIZEOF (.tdata_run))
                0x00000000                __tdata_run_size__ = SIZEOF (.tdata_run)
                0x20000004                __tdata_run_load_end__ = __tdata_run_end__
                0x00000001                . = ASSERT (((__tdata_run_start__ == __tdata_run_end__) || ((__tdata_run_end__ >= __RAM_segment_start__) && (__tdata_run_end__ <= __RAM_segment_end__))), error: .tdata_run is too large to fit in RAM memory segment)
                0x20000004                __bss_load_start__ = ALIGN (__tdata_run_end__, 0x4)

.bss            0x20000004        0x4
                0x20000004                __bss_start__ = .
 *(.bss .bss.* .gnu.linkonce.b.*)
 .bss.uwTick    0x20000004        0x4 bldc_drive THUMB Debug/stm32f2xx_hal.o
 *(COMMON)
                0x20000008                __bss_end__ = (__bss_start__ + SIZEOF (.bss))
                0x00000004                __bss_size__ = SIZEOF (.bss)
                0x20000008                __bss_load_end__ = __bss_end__
                0x00000001                . = ASSERT (((__bss_start__ == __bss_end__) || ((__bss_end__ >= __RAM_segment_start__) && (__bss_end__ <= __RAM_segment_end__))), error: .bss is too large to fit in RAM memory segment)
                0x20000008                __tbss_load_start__ = ALIGN (__bss_end__, 0x4)

.tbss           0x20000008        0x0
                0x20000008                __tbss_start__ = .
 *(.tbss .tbss.*)
                0x20000008                __tbss_end__ = (__tbss_start__ + SIZEOF (.tbss))
                0x00000000                __tbss_size__ = SIZEOF (.tbss)
                0x20000008                __tbss_load_end__ = __tbss_end__
                0x00000001                . = ASSERT (((__tbss_start__ == __tbss_end__) || ((__tbss_end__ >= __RAM_segment_start__) && (__tbss_end__ <= __RAM_segment_end__))), error: .tbss is too large to fit in RAM memory segment)
                0x20000008                __non_init_load_start__ = ALIGN (__tbss_end__, 0x4)

.non_init       0x20000008        0x0
                0x20000008                __non_init_start__ = .
 *(.non_init .non_init.*)
                0x20000008                __non_init_end__ = (__non_init_start__ + SIZEOF (.non_init))
                0x00000000                __non_init_size__ = SIZEOF (.non_init)
                0x20000008                __non_init_load_end__ = __non_init_end__
                0x00000001                . = ASSERT (((__non_init_start__ == __non_init_end__) || ((__non_init_end__ >= __RAM_segment_start__) && (__non_init_end__ <= __RAM_segment_end__))), error: .non_init is too large to fit in RAM memory segment)
                0x20000008                __heap_load_start__ = ALIGN (__non_init_end__, 0x4)

.heap           0x20000008       0x80
                0x20000008                __heap_start__ = .
 *(.heap .heap.*)
                0x20000088                . = ALIGN (MAX ((__heap_start__ + __HEAPSIZE__), .), 0x4)
 *fill*         0x20000008       0x80 
                0x20000088                __heap_end__ = (__heap_start__ + SIZEOF (.heap))
                0x00000080                __heap_size__ = SIZEOF (.heap)
                0x20000088                __heap_load_end__ = __heap_end__
                0x00000001                . = ASSERT (((__heap_start__ == __heap_end__) || ((__heap_end__ >= __RAM_segment_start__) && (__heap_end__ <= __RAM_segment_end__))), error: .heap is too large to fit in RAM memory segment)
                0x20000088                __stack_load_start__ = ALIGN (__heap_end__, 0x8)

.stack          0x20000088      0x100
                0x20000088                __stack_start__ = .
 *(.stack .stack.*)
                0x20000188                . = ALIGN (MAX ((__stack_start__ + __STACKSIZE__), .), 0x8)
 *fill*         0x20000088      0x100 
                0x20000188                __stack_end__ = (__stack_start__ + SIZEOF (.stack))
                0x00000100                __stack_size__ = SIZEOF (.stack)
                0x20000188                __stack_load_end__ = __stack_end__
                0x00000001                . = ASSERT (((__stack_start__ == __stack_end__) || ((__stack_end__ >= __RAM_segment_start__) && (__stack_end__ <= __RAM_segment_end__))), error: .stack is too large to fit in RAM memory segment)
                0x20000188                __stack_process_load_start__ = ALIGN (__stack_end__, 0x8)

.stack_process  0x20000188        0x0
                0x20000188                __stack_process_start__ = .
 *(.stack_process .stack_process.*)
                0x20000188                . = ALIGN (MAX ((__stack_process_start__ + __STACKSIZE_PROCESS__), .), 0x8)
                0x20000188                __stack_process_end__ = (__stack_process_start__ + SIZEOF (.stack_process))
                0x00000000                __stack_process_size__ = SIZEOF (.stack_process)
                0x20000188                __stack_process_load_end__ = __stack_process_end__
                0x20000188                __RAM_segment_used_end__ = (ALIGN (__stack_end__, 0x8) + SIZEOF (.stack_process))
                0x00000188                __RAM_segment_used_size__ = (__RAM_segment_used_end__ - __RAM_segment_start__)
                0x00000001                . = ASSERT (((__stack_process_start__ == __stack_process_end__) || ((__stack_process_end__ >= __RAM_segment_start__) && (__stack_process_end__ <= __RAM_segment_end__))), error: .stack_process is too large to fit in RAM memory segment)
START GROUP
LOAD bldc_drive THUMB Debug/stm32f2xx_hal_dma.o
LOAD bldc_drive THUMB Debug/stm32f2xx_hal_dma_ex.o
LOAD bldc_drive THUMB Debug/stm32f2xx_hal_flash_ex.o
LOAD bldc_drive THUMB Debug/stm32f2xx_hal_tim.o
LOAD bldc_drive THUMB Debug/stm32f2xx_hal_gpio.o
LOAD bldc_drive THUMB Debug/stm32f2xx_hal_rcc_ex.o
LOAD bldc_drive THUMB Debug/stm32f2xx_hal_rcc.o
LOAD bldc_drive THUMB Debug/stm32f2xx_hal_flash.o
LOAD bldc_drive THUMB Debug/stm32f2xx_hal_cortex.o
LOAD bldc_drive THUMB Debug/stm32f2xx_hal_pwr.o
LOAD bldc_drive THUMB Debug/stm32f2xx_hal.o
LOAD bldc_drive THUMB Debug/stm32f2xx_hal_pwr_ex.o
LOAD bldc_drive THUMB Debug/stm32f2xx_hal_tim_ex.o
LOAD bldc_drive THUMB Debug/system_stm32f2xx.o
LOAD bldc_drive THUMB Debug/stm32f2xx_it.o
LOAD bldc_drive THUMB Debug/stm32f2xx_hal_msp.o
LOAD bldc_drive THUMB Debug/main.o
LOAD bldc_drive THUMB Debug/gpio.o
LOAD bldc_drive THUMB Debug/tim.o
LOAD bldc_drive THUMB Debug/thumb_crt0.o
LOAD bldc_drive THUMB Debug/STM32_Startup.o
LOAD C:/Program Files (x86)/Rowley Associates Limited/CrossWorks for ARM 3.5/lib/libcm_v7m_t_le_eabi.a
LOAD C:/Program Files (x86)/Rowley Associates Limited/CrossWorks for ARM 3.5/lib/libdebugio_mempoll_v7m_t_le_eabi.a
LOAD C:/Program Files (x86)/Rowley Associates Limited/CrossWorks for ARM 3.5/lib/libm_v7m_t_le_eabi.a
LOAD C:/Program Files (x86)/Rowley Associates Limited/CrossWorks for ARM 3.5/lib/libc_v7m_t_le_eabi.a
LOAD C:/Program Files (x86)/Rowley Associates Limited/CrossWorks for ARM 3.5/lib/libcpp_v7m_t_le_eabi.a
LOAD C:/Program Files (x86)/Rowley Associates Limited/CrossWorks for ARM 3.5/lib/libdebugio_v7m_t_le_eabi.a
LOAD C:/Program Files (x86)/Rowley Associates Limited/CrossWorks for ARM 3.5/lib/libvfprintf_v7m_t_le_eabi.o
LOAD C:/Program Files (x86)/Rowley Associates Limited/CrossWorks for ARM 3.5/lib/libvfscanf_v7m_t_le_eabi.o
END GROUP
OUTPUT(bldc_drive THUMB Debug/bldc_drive.elf elf32-littlearm)

.debug_frame    0x00000000     0x2988
 .debug_frame   0x00000000     0x186c bldc_drive THUMB Debug/stm32f2xx_hal_tim.o
 .debug_frame   0x0000186c      0x1c8 bldc_drive THUMB Debug/stm32f2xx_hal_gpio.o
 .debug_frame   0x00001a34      0x37c bldc_drive THUMB Debug/stm32f2xx_hal_rcc.o
 .debug_frame   0x00001db0      0x664 bldc_drive THUMB Debug/stm32f2xx_hal_cortex.o
 .debug_frame   0x00002414      0x360 bldc_drive THUMB Debug/stm32f2xx_hal.o
 .debug_frame   0x00002774       0x80 bldc_drive THUMB Debug/system_stm32f2xx.o
 .debug_frame   0x000027f4       0x34 bldc_drive THUMB Debug/stm32f2xx_it.o
 .debug_frame   0x00002828       0x34 bldc_drive THUMB Debug/stm32f2xx_hal_msp.o
 .debug_frame   0x0000285c       0xe4 bldc_drive THUMB Debug/main.o
 .debug_frame   0x00002940       0x48 bldc_drive THUMB Debug/gpio.o

.debug_info     0x00000000     0x5ec0
 .debug_info    0x00000000     0x20bd bldc_drive THUMB Debug/stm32f2xx_hal_tim.o
 .debug_info    0x000020bd      0x635 bldc_drive THUMB Debug/stm32f2xx_hal_gpio.o
 .debug_info    0x000026f2     0x1311 bldc_drive THUMB Debug/stm32f2xx_hal_rcc.o
 .debug_info    0x00003a03      0xb36 bldc_drive THUMB Debug/stm32f2xx_hal_cortex.o
 .debug_info    0x00004539      0x4c3 bldc_drive THUMB Debug/stm32f2xx_hal.o
 .debug_info    0x000049fc      0x473 bldc_drive THUMB Debug/system_stm32f2xx.o
 .debug_info    0x00004e6f       0x96 bldc_drive THUMB Debug/stm32f2xx_it.o
 .debug_info    0x00004f05      0x2ca bldc_drive THUMB Debug/stm32f2xx_hal_msp.o
 .debug_info    0x000051cf      0x815 bldc_drive THUMB Debug/main.o
 .debug_info    0x000059e4      0x361 bldc_drive THUMB Debug/gpio.o
 .debug_info    0x00005d45       0xad bldc_drive THUMB Debug/thumb_crt0.o
 .debug_info    0x00005df2       0xce bldc_drive THUMB Debug/STM32_Startup.o

.debug_abbrev   0x00000000      0xeeb
 .debug_abbrev  0x00000000      0x207 bldc_drive THUMB Debug/stm32f2xx_hal_tim.o
 .debug_abbrev  0x00000207      0x1a4 bldc_drive THUMB Debug/stm32f2xx_hal_gpio.o
 .debug_abbrev  0x000003ab      0x2f2 bldc_drive THUMB Debug/stm32f2xx_hal_rcc.o
 .debug_abbrev  0x0000069d      0x280 bldc_drive THUMB Debug/stm32f2xx_hal_cortex.o
 .debug_abbrev  0x0000091d      0x15d bldc_drive THUMB Debug/stm32f2xx_hal.o
 .debug_abbrev  0x00000a7a      0x104 bldc_drive THUMB Debug/system_stm32f2xx.o
 .debug_abbrev  0x00000b7e       0x6a bldc_drive THUMB Debug/stm32f2xx_it.o
 .debug_abbrev  0x00000be8       0x80 bldc_drive THUMB Debug/stm32f2xx_hal_msp.o
 .debug_abbrev  0x00000c68      0x16d bldc_drive THUMB Debug/main.o
 .debug_abbrev  0x00000dd5       0xf0 bldc_drive THUMB Debug/gpio.o
 .debug_abbrev  0x00000ec5       0x12 bldc_drive THUMB Debug/thumb_crt0.o
 .debug_abbrev  0x00000ed7       0x14 bldc_drive THUMB Debug/STM32_Startup.o

.debug_aranges  0x00000000      0x770
 .debug_aranges
                0x00000000      0x358 bldc_drive THUMB Debug/stm32f2xx_hal_tim.o
 .debug_aranges
                0x00000358       0x50 bldc_drive THUMB Debug/stm32f2xx_hal_gpio.o
 .debug_aranges
                0x000003a8       0x98 bldc_drive THUMB Debug/stm32f2xx_hal_rcc.o
 .debug_aranges
                0x00000440      0x100 bldc_drive THUMB Debug/stm32f2xx_hal_cortex.o
 .debug_aranges
                0x00000540       0xa8 bldc_drive THUMB Debug/stm32f2xx_hal.o
 .debug_aranges
                0x000005e8       0x28 bldc_drive THUMB Debug/system_stm32f2xx.o
 .debug_aranges
                0x00000610       0x20 bldc_drive THUMB Debug/stm32f2xx_it.o
 .debug_aranges
                0x00000630       0x20 bldc_drive THUMB Debug/stm32f2xx_hal_msp.o
 .debug_aranges
                0x00000650       0x38 bldc_drive THUMB Debug/main.o
 .debug_aranges
                0x00000688       0x20 bldc_drive THUMB Debug/gpio.o
 .debug_aranges
                0x000006a8       0xa8 bldc_drive THUMB Debug/thumb_crt0.o
 .debug_aranges
                0x00000750       0x20 bldc_drive THUMB Debug/STM32_Startup.o

.debug_ranges   0x00000000      0x6a8
 .debug_ranges  0x00000000      0x348 bldc_drive THUMB Debug/stm32f2xx_hal_tim.o
 .debug_ranges  0x00000348       0x40 bldc_drive THUMB Debug/stm32f2xx_hal_gpio.o
 .debug_ranges  0x00000388       0x88 bldc_drive THUMB Debug/stm32f2xx_hal_rcc.o
 .debug_ranges  0x00000410       0xf0 bldc_drive THUMB Debug/stm32f2xx_hal_cortex.o
 .debug_ranges  0x00000500       0x98 bldc_drive THUMB Debug/stm32f2xx_hal.o
 .debug_ranges  0x00000598       0x18 bldc_drive THUMB Debug/system_stm32f2xx.o
 .debug_ranges  0x000005b0       0x10 bldc_drive THUMB Debug/stm32f2xx_it.o
 .debug_ranges  0x000005c0       0x10 bldc_drive THUMB Debug/stm32f2xx_hal_msp.o
 .debug_ranges  0x000005d0       0x28 bldc_drive THUMB Debug/main.o
 .debug_ranges  0x000005f8       0x10 bldc_drive THUMB Debug/gpio.o
 .debug_ranges  0x00000608       0xa0 bldc_drive THUMB Debug/thumb_crt0.o

.debug_macro    0x00000000      0xc86
 .debug_macro   0x00000000      0x11f bldc_drive THUMB Debug/stm32f2xx_hal_tim.o
 .debug_macro   0x0000011f      0x15d bldc_drive THUMB Debug/stm32f2xx_hal_gpio.o
 .debug_macro   0x0000027c      0x160 bldc_drive THUMB Debug/stm32f2xx_hal_rcc.o
 .debug_macro   0x000003dc      0x11e bldc_drive THUMB Debug/stm32f2xx_hal_cortex.o
 .debug_macro   0x000004fa      0x16c bldc_drive THUMB Debug/stm32f2xx_hal.o
 .debug_macro   0x00000666      0x124 bldc_drive THUMB Debug/system_stm32f2xx.o
 .debug_macro   0x0000078a      0x128 bldc_drive THUMB Debug/stm32f2xx_it.o
 .debug_macro   0x000008b2      0x11e bldc_drive THUMB Debug/stm32f2xx_hal_msp.o
 .debug_macro   0x000009d0      0x18e bldc_drive THUMB Debug/main.o
 .debug_macro   0x00000b5e      0x128 bldc_drive THUMB Debug/gpio.o

.debug_line     0x00000000     0x4334
 .debug_line    0x00000000     0x14b7 bldc_drive THUMB Debug/stm32f2xx_hal_tim.o
 .debug_line    0x000014b7      0x517 bldc_drive THUMB Debug/stm32f2xx_hal_gpio.o
 .debug_line    0x000019ce      0x741 bldc_drive THUMB Debug/stm32f2xx_hal_rcc.o
 .debug_line    0x0000210f      0x670 bldc_drive THUMB Debug/stm32f2xx_hal_cortex.o
 .debug_line    0x0000277f      0x500 bldc_drive THUMB Debug/stm32f2xx_hal.o
 .debug_line    0x00002c7f      0x3f8 bldc_drive THUMB Debug/system_stm32f2xx.o
 .debug_line    0x00003077      0x3ab bldc_drive THUMB Debug/stm32f2xx_it.o
 .debug_line    0x00003422      0x39e bldc_drive THUMB Debug/stm32f2xx_hal_msp.o
 .debug_line    0x000037c0      0x457 bldc_drive THUMB Debug/main.o
 .debug_line    0x00003c17      0x3af bldc_drive THUMB Debug/gpio.o
 .debug_line    0x00003fc6      0x240 bldc_drive THUMB Debug/thumb_crt0.o
 .debug_line    0x00004206      0x12e bldc_drive THUMB Debug/STM32_Startup.o

.debug_str      0x00000000    0x5416f
 .debug_str     0x00000000    0x5255b bldc_drive THUMB Debug/stm32f2xx_hal_tim.o
                              0x5266b (size before relaxing)
 .debug_str     0x0005255b      0x71a bldc_drive THUMB Debug/stm32f2xx_hal_gpio.o
                              0x51bd4 (size before relaxing)
 .debug_str     0x00052c75      0xa73 bldc_drive THUMB Debug/stm32f2xx_hal_rcc.o
                              0x520c9 (size before relaxing)
 .debug_str     0x000536e8      0x270 bldc_drive THUMB Debug/stm32f2xx_hal_cortex.o
                              0x51de5 (size before relaxing)
 .debug_str     0x00053958      0x488 bldc_drive THUMB Debug/stm32f2xx_hal.o
                              0x51a7f (size before relaxing)
 .debug_str     0x00053de0       0xb8 bldc_drive THUMB Debug/system_stm32f2xx.o
                              0x516c4 (size before relaxing)
 .debug_str     0x00053e98       0x67 bldc_drive THUMB Debug/stm32f2xx_it.o
                              0x514e3 (size before relaxing)
 .debug_str     0x00053eff       0x4a bldc_drive THUMB Debug/stm32f2xx_hal_msp.o
                              0x519c5 (size before relaxing)
 .debug_str     0x00053f49      0x1dc bldc_drive THUMB Debug/main.o
                              0x51c3d (size before relaxing)
 .debug_str     0x00054125       0x4a bldc_drive THUMB Debug/gpio.o
                              0x51652 (size before relaxing)

.comment        0x00000000       0x4e
 .comment       0x00000000       0x4e bldc_drive THUMB Debug/stm32f2xx_hal_tim.o
                                 0x4f (size before relaxing)
 .comment       0x00000000       0x4f bldc_drive THUMB Debug/stm32f2xx_hal_gpio.o
 .comment       0x00000000       0x4f bldc_drive THUMB Debug/stm32f2xx_hal_rcc.o
 .comment       0x00000000       0x4f bldc_drive THUMB Debug/stm32f2xx_hal_cortex.o
 .comment       0x00000000       0x4f bldc_drive THUMB Debug/stm32f2xx_hal.o
 .comment       0x00000000       0x4f bldc_drive THUMB Debug/system_stm32f2xx.o
 .comment       0x00000000       0x4f bldc_drive THUMB Debug/stm32f2xx_it.o
 .comment       0x00000000       0x4f bldc_drive THUMB Debug/stm32f2xx_hal_msp.o
 .comment       0x00000000       0x4f bldc_drive THUMB Debug/main.o
 .comment       0x00000000       0x4f bldc_drive THUMB Debug/gpio.o

.ARM.attributes
                0x00000000       0x31
 .ARM.attributes
                0x00000000       0x33 bldc_drive THUMB Debug/stm32f2xx_hal_tim.o
 .ARM.attributes
                0x00000033       0x33 bldc_drive THUMB Debug/stm32f2xx_hal_gpio.o
 .ARM.attributes
                0x00000066       0x33 bldc_drive THUMB Debug/stm32f2xx_hal_rcc.o
 .ARM.attributes
                0x00000099       0x33 bldc_drive THUMB Debug/stm32f2xx_hal_cortex.o
 .ARM.attributes
                0x000000cc       0x33 bldc_drive THUMB Debug/stm32f2xx_hal.o
 .ARM.attributes
                0x000000ff       0x33 bldc_drive THUMB Debug/system_stm32f2xx.o
 .ARM.attributes
                0x00000132       0x33 bldc_drive THUMB Debug/stm32f2xx_it.o
 .ARM.attributes
                0x00000165       0x33 bldc_drive THUMB Debug/stm32f2xx_hal_msp.o
 .ARM.attributes
                0x00000198       0x33 bldc_drive THUMB Debug/main.o
 .ARM.attributes
                0x000001cb       0x33 bldc_drive THUMB Debug/gpio.o
 .ARM.attributes
                0x000001fe       0x21 bldc_drive THUMB Debug/thumb_crt0.o
 .ARM.attributes
                0x0000021f       0x21 bldc_drive THUMB Debug/STM32_Startup.o
